Component: ARM Compiler 5.06 update 6 (build 750) Tool: armlink [4d35ed]

==============================================================================

Section Cross References

    startup_stm32f103xb.o(STACK) refers (Special) to heapauxi.o(.text) for __use_two_region_memory
    startup_stm32f103xb.o(HEAP) refers (Special) to heapauxi.o(.text) for __use_two_region_memory
    startup_stm32f103xb.o(RESET) refers (Special) to heapauxi.o(.text) for __use_two_region_memory
    startup_stm32f103xb.o(RESET) refers to startup_stm32f103xb.o(STACK) for __initial_sp
    startup_stm32f103xb.o(RESET) refers to startup_stm32f103xb.o(.text) for Reset_Handler
    startup_stm32f103xb.o(RESET) refers to stm32f1xx_it.o(i.NMI_Handler) for NMI_Handler
    startup_stm32f103xb.o(RESET) refers to stm32f1xx_it.o(i.HardFault_Handler) for HardFault_Handler
    startup_stm32f103xb.o(RESET) refers to stm32f1xx_it.o(i.MemManage_Handler) for MemManage_Handler
    startup_stm32f103xb.o(RESET) refers to stm32f1xx_it.o(i.BusFault_Handler) for BusFault_Handler
    startup_stm32f103xb.o(RESET) refers to stm32f1xx_it.o(i.UsageFault_Handler) for UsageFault_Handler
    startup_stm32f103xb.o(RESET) refers to stm32f1xx_it.o(i.SVC_Handler) for SVC_Handler
    startup_stm32f103xb.o(RESET) refers to stm32f1xx_it.o(i.DebugMon_Handler) for DebugMon_Handler
    startup_stm32f103xb.o(RESET) refers to stm32f1xx_it.o(i.PendSV_Handler) for PendSV_Handler
    startup_stm32f103xb.o(RESET) refers to stm32f1xx_it.o(i.SysTick_Handler) for SysTick_Handler
    startup_stm32f103xb.o(RESET) refers to stm32f1xx_it.o(i.TIM3_IRQHandler) for TIM3_IRQHandler
    startup_stm32f103xb.o(RESET) refers to stm32f1xx_it.o(i.USART1_IRQHandler) for USART1_IRQHandler
    startup_stm32f103xb.o(.text) refers (Special) to heapauxi.o(.text) for __use_two_region_memory
    startup_stm32f103xb.o(.text) refers to system_stm32f1xx.o(i.SystemInit) for SystemInit
    startup_stm32f103xb.o(.text) refers to __main.o(!!!main) for __main
    startup_stm32f103xb.o(.text) refers to startup_stm32f103xb.o(HEAP) for Heap_Mem
    startup_stm32f103xb.o(.text) refers to startup_stm32f103xb.o(STACK) for Stack_Mem
    main.o(i.Encoder) refers to main.o(.data) for .data
    main.o(i.Encoder) refers to tim.o(.bss) for htim2
    main.o(i.HAL_TIM_PeriodElapsedCallback) refers to _printf_percent.o(.ARM.Collect$$_printf_percent$$00000000) for _printf_percent
    main.o(i.HAL_TIM_PeriodElapsedCallback) refers to _printf_d.o(.ARM.Collect$$_printf_percent$$00000009) for _printf_d
    main.o(i.HAL_TIM_PeriodElapsedCallback) refers to _printf_dec.o(.text) for _printf_int_dec
    main.o(i.HAL_TIM_PeriodElapsedCallback) refers to main.o(i.Encoder) for Encoder
    main.o(i.HAL_TIM_PeriodElapsedCallback) refers to main.o(i.StrCompare) for StrCompare
    main.o(i.HAL_TIM_PeriodElapsedCallback) refers to noretval__2sprintf.o(.text) for __2sprintf
    main.o(i.HAL_TIM_PeriodElapsedCallback) refers to main.o(i.Serial_Process) for Serial_Process
    main.o(i.HAL_TIM_PeriodElapsedCallback) refers to tim.o(.bss) for htim3
    main.o(i.HAL_TIM_PeriodElapsedCallback) refers to main.o(.data) for .data
    main.o(i.HAL_UART_RxCpltCallback) refers to stm32f1xx_hal_uart.o(i.HAL_UART_Receive_IT) for HAL_UART_Receive_IT
    main.o(i.HAL_UART_RxCpltCallback) refers to usart.o(.bss) for huart1
    main.o(i.HAL_UART_RxCpltCallback) refers to main.o(.data) for .data
    main.o(i.HAL_UART_RxCpltCallback) refers to main.o(.bss) for .bss
    main.o(i.PID_Position_Process) refers to fflt_clz.o(x$fpl$fflt) for __aeabi_i2f
    main.o(i.PID_Position_Process) refers to fmul.o(x$fpl$fmul) for __aeabi_fmul
    main.o(i.PID_Position_Process) refers to fdiv.o(x$fpl$fdiv) for __aeabi_fdiv
    main.o(i.PID_Position_Process) refers to faddsub_clz.o(x$fpl$fsub) for __aeabi_fsub
    main.o(i.PID_Position_Process) refers to faddsub_clz.o(x$fpl$fadd) for __aeabi_fadd
    main.o(i.PID_Position_Process) refers to ffix.o(x$fpl$ffix) for __aeabi_f2iz
    main.o(i.PID_Position_Process) refers to main.o(i.PWM_Set_Duty) for PWM_Set_Duty
    main.o(i.PID_Position_Process) refers to main.o(.data) for .data
    main.o(i.PID_Speed_Process) refers to fflt_clz.o(x$fpl$fflt) for __aeabi_i2f
    main.o(i.PID_Speed_Process) refers to fmul.o(x$fpl$fmul) for __aeabi_fmul
    main.o(i.PID_Speed_Process) refers to fdiv.o(x$fpl$fdiv) for __aeabi_fdiv
    main.o(i.PID_Speed_Process) refers to faddsub_clz.o(x$fpl$fsub) for __aeabi_fsub
    main.o(i.PID_Speed_Process) refers to faddsub_clz.o(x$fpl$fadd) for __aeabi_fadd
    main.o(i.PID_Speed_Process) refers to ffix.o(x$fpl$ffix) for __aeabi_f2iz
    main.o(i.PID_Speed_Process) refers to main.o(i.PWM_Set_Duty) for PWM_Set_Duty
    main.o(i.PID_Speed_Process) refers to main.o(.data) for .data
    main.o(i.PWM_Set_Duty) refers to stm32f1xx_hal_gpio.o(i.HAL_GPIO_WritePin) for HAL_GPIO_WritePin
    main.o(i.PWM_Set_Duty) refers to main.o(.data) for .data
    main.o(i.PWM_Set_Duty) refers to tim.o(.bss) for htim1
[...]
    i.HAL_RCC_GetPCLK2Freq                   0x08001f24   Section        0  stm32f1xx_hal_rcc.o(i.HAL_RCC_GetPCLK2Freq)
    i.HAL_RCC_GetSysClockFreq                0x08001f44   Section        0  stm32f1xx_hal_rcc.o(i.HAL_RCC_GetSysClockFreq)
    i.HAL_RCC_OscConfig                      0x08001fb0   Section        0  stm32f1xx_hal_rcc.o(i.HAL_RCC_OscConfig)
    i.HAL_SYSTICK_Config                     0x080022d0   Section        0  stm32f1xx_hal_cortex.o(i.HAL_SYSTICK_Config)
    i.HAL_TIMEx_BreakCallback                0x080022f8   Section        0  stm32f1xx_hal_tim_ex.o(i.HAL_TIMEx_BreakCallback)
    i.HAL_TIMEx_CommutCallback               0x080022fa   Section        0  stm32f1xx_hal_tim_ex.o(i.HAL_TIMEx_CommutCallback)
    i.HAL_TIMEx_ConfigBreakDeadTime          0x080022fc   Section        0  stm32f1xx_hal_tim_ex.o(i.HAL_TIMEx_ConfigBreakDeadTime)
    i.HAL_TIMEx_MasterConfigSynchronization  0x08002350   Section        0  stm32f1xx_hal_tim_ex.o(i.HAL_TIMEx_MasterConfigSynchronization)
    i.HAL_TIM_Base_Init                      0x080023b8   Section        0  stm32f1xx_hal_tim.o(i.HAL_TIM_Base_Init)
    i.HAL_TIM_Base_MspInit                   0x08002414   Section        0  tim.o(i.HAL_TIM_Base_MspInit)
    i.HAL_TIM_Base_Start_IT                  0x08002468   Section        0  stm32f1xx_hal_tim.o(i.HAL_TIM_Base_Start_IT)
    i.HAL_TIM_ConfigClockSource              0x080024c0   Section        0  stm32f1xx_hal_tim.o(i.HAL_TIM_ConfigClockSource)
    i.HAL_TIM_Encoder_Init                   0x08002596   Section        0  stm32f1xx_hal_tim.o(i.HAL_TIM_Encoder_Init)
    i.HAL_TIM_Encoder_MspInit                0x0800263c   Section        0  tim.o(i.HAL_TIM_Encoder_MspInit)
    i.HAL_TIM_Encoder_Start                  0x080026cc   Section        0  stm32f1xx_hal_tim.o(i.HAL_TIM_Encoder_Start)
    i.HAL_TIM_IC_CaptureCallback             0x0800275a   Section        0  stm32f1xx_hal_tim.o(i.HAL_TIM_IC_CaptureCallback)
    i.HAL_TIM_IRQHandler                     0x0800275c   Section        0  stm32f1xx_hal_tim.o(i.HAL_TIM_IRQHandler)
    i.HAL_TIM_MspPostInit                    0x080028c4   Section        0  tim.o(i.HAL_TIM_MspPostInit)
    i.HAL_TIM_OC_DelayElapsedCallback        0x08002910   Section        0  stm32f1xx_hal_tim.o(i.HAL_TIM_OC_DelayElapsedCallback)
    i.HAL_TIM_PWM_ConfigChannel              0x08002912   Section        0  stm32f1xx_hal_tim.o(i.HAL_TIM_PWM_ConfigChannel)
    i.HAL_TIM_PWM_Init                       0x080029d8   Section        0  stm32f1xx_hal_tim.o(i.HAL_TIM_PWM_Init)
    i.HAL_TIM_PWM_MspInit                    0x08002a32   Section        0  stm32f1xx_hal_tim.o(i.HAL_TIM_PWM_MspInit)
    i.HAL_TIM_PWM_PulseFinishedCallback      0x08002a34   Section        0  stm32f1xx_hal_tim.o(i.HAL_TIM_PWM_PulseFinishedCallback)
    i.HAL_TIM_PWM_Start                      0x08002a38   Section        0  stm32f1xx_hal_tim.o(i.HAL_TIM_PWM_Start)
    i.HAL_TIM_PeriodElapsedCallback          0x08002ad4   Section        0  main.o(i.HAL_TIM_PeriodElapsedCallback)
    i.HAL_TIM_TriggerCallback                0x08002b54   Section        0  stm32f1xx_hal_tim.o(i.HAL_TIM_TriggerCallback)
    i.HAL_UARTEx_RxEventCallback             0x08002b56   Section        0  stm32f1xx_hal_uart.o(i.HAL_UARTEx_RxEventCallback)
    i.HAL_UART_ErrorCallback                 0x08002b58   Section        0  stm32f1xx_hal_uart.o(i.HAL_UART_ErrorCallback)
    i.HAL_UART_IRQHandler                    0x08002b5c   Section        0  stm32f1xx_hal_uart.o(i.HAL_UART_IRQHandler)
    i.HAL_UART_Init                          0x08002d68   Section        0  stm32f1xx_hal_uart.o(i.HAL_UART_Init)
    i.HAL_UART_MspInit                       0x08002dcc   Section        0  usart.o(i.HAL_UART_MspInit)
    i.HAL_UART_Receive_IT                    0x08002e5c   Section        0  stm32f1xx_hal_uart.o(i.HAL_UART_Receive_IT)
    i.HAL_UART_RxCpltCallback                0x08002e88   Section        0  main.o(i.HAL_UART_RxCpltCallback)
    i.HAL_UART_Transmit                      0x08002ec8   Section        0  stm32f1xx_hal_uart.o(i.HAL_UART_Transmit)
    i.HAL_UART_TxCpltCallback                0x08002f7a   Section        0  stm32f1xx_hal_uart.o(i.HAL_UART_TxCpltCallback)
    i.HardFault_Handler                      0x08002f7c   Section        0  stm32f1xx_it.o(i.HardFault_Handler)
    i.MX_GPIO_Init                           0x08002f80   Section        0  gpio.o(i.MX_GPIO_Init)
    i.MX_TIM1_Init                           0x08002ff0   Section        0  tim.o(i.MX_TIM1_Init)
    i.MX_TIM2_Init                           0x080030bc   Section        0  tim.o(i.MX_TIM2_Init)
    i.MX_TIM3_Init                           0x08003124   Section        0  tim.o(i.MX_TIM3_Init)
    i.MX_USART1_UART_Init                    0x0800318c   Section        0  usart.o(i.MX_USART1_UART_Init)
    i.MemManage_Handler                      0x080031c4   Section        0  stm32f1xx_it.o(i.MemManage_Handler)
    i.NMI_Handler                            0x080031c6   Section        0  stm32f1xx_it.o(i.NMI_Handler)
    i.PID_Position_Process                   0x080031c8   Section        0  main.o(i.PID_Position_Process)
    i.PID_Speed_Process                      0x08003280   Section        0  main.o(i.PID_Speed_Process)
    i.PWM_Set_Duty                           0x08003344   Section        0  main.o(i.PWM_Set_Duty)
    i.PendSV_Handler                         0x080033a8   Section        0  stm32f1xx_it.o(i.PendSV_Handler)
    i.ReadComm                               0x080033ac   Section        0  main.o(i.ReadComm)
    i.SVC_Handler                            0x08003410   Section        0  stm32f1xx_it.o(i.SVC_Handler)
    i.Serial_Process                         0x08003414   Section        0  main.o(i.Serial_Process)
    i.StrCompare                             0x080035d4   Section        0  main.o(i.StrCompare)
    i.SysTick_Handler                        0x080035f0   Section        0  stm32f1xx_it.o(i.SysTick_Handler)
    i.SystemClock_Config                     0x080035f4   Section        0  main.o(i.SystemClock_Config)
    i.SystemInit                             0x08003650   Section        0  system_stm32f1xx.o(i.SystemInit)
    i.TIM3_IRQHandler                        0x08003654   Section        0  stm32f1xx_it.o(i.TIM3_IRQHandler)
    i.TIM_Base_SetConfig                     0x08003660   Section        0  stm32f1xx_hal_tim.o(i.TIM_Base_SetConfig)
    i.TIM_CCxChannelCmd                      0x080036cc   Section        0  stm32f1xx_hal_tim.o(i.TIM_CCxChannelCmd)
    i.TIM_ETR_SetConfig                      0x080036e6   Section        0  stm32f1xx_hal_tim.o(i.TIM_ETR_SetConfig)
    i.TIM_ITRx_SetConfig                     0x080036fa   Section        0  stm32f1xx_hal_tim.o(i.TIM_ITRx_SetConfig)
    TIM_ITRx_SetConfig                       0x080036fb   Thumb Code    16  stm32f1xx_hal_tim.o(i.TIM_ITRx_SetConfig)
    i.TIM_OC1_SetConfig                      0x0800370c   Section        0  stm32f1xx_hal_tim.o(i.TIM_OC1_SetConfig)
    TIM_OC1_SetConfig                        0x0800370d   Thumb Code    74  stm32f1xx_hal_tim.o(i.TIM_OC1_SetConfig)
    i.TIM_OC2_SetConfig                      0x0800375c   Section        0  stm32f1xx_hal_tim.o(i.TIM_OC2_SetConfig)
    i.TIM_OC3_SetConfig                      0x080037b4   Section        0  stm32f1xx_hal_tim.o(i.TIM_OC3_SetConfig)
    TIM_OC3_SetConfig                        0x080037b5   Thumb Code    82  stm32f1xx_hal_tim.o(i.TIM_OC3_SetConfig)
    i.TIM_OC4_SetConfig                      0x0800380c   Section        0  stm32f1xx_hal_tim.o(i.TIM_OC4_SetConfig)
    TIM_OC4_SetConfig                        0x0800380d   Thumb Code    64  stm32f1xx_hal_tim.o(i.TIM_OC4_SetConfig)
    i.TIM_TI1_ConfigInputStage               0x08003850   Section        0  stm32f1xx_hal_tim.o(i.TIM_TI1_ConfigInputStage)
    TIM_TI1_ConfigInputStage                 0x08003851   Thumb Code    34  stm32f1xx_hal_tim.o(i.TIM_TI1_ConfigInputStage)
    i.TIM_TI2_ConfigInputStage               0x08003872   Section        0  stm32f1xx_hal_tim.o(i.TIM_TI2_ConfigInputStage)
    TIM_TI2_ConfigInputStage                 0x08003873   Thumb Code    36  stm32f1xx_hal_tim.o(i.TIM_TI2_ConfigInputStage)
    i.UART_DMAAbortOnError                   0x08003896   Section        0  stm32f1xx_hal_uart.o(i.UART_DMAAbortOnError)
    UART_DMAAbortOnError                     0x08003897   Thumb Code    16  stm32f1xx_hal_uart.o(i.UART_DMAAbortOnError)
    i.UART_EndRxTransfer                     0x080038a6   Section        0  stm32f1xx_hal_uart.o(i.UART_EndRxTransfer)
    UART_EndRxTransfer                       0x080038a7   Thumb Code    48  stm32f1xx_hal_uart.o(i.UART_EndRxTransfer)
    i.UART_Receive_IT                        0x080038d6   Section        0  stm32f1xx_hal_uart.o(i.UART_Receive_IT)
    UART_Receive_IT                          0x080038d7   Thumb Code   182  stm32f1xx_hal_uart.o(i.UART_Receive_IT)
    i.UART_SetConfig                         0x0800398c   Section        0  stm32f1xx_hal_uart.o(i.UART_SetConfig)
    UART_SetConfig                           0x0800398d   Thumb Code   178  stm32f1xx_hal_uart.o(i.UART_SetConfig)
    i.UART_Start_Receive_IT                  0x08003a44   Section        0  stm32f1xx_hal_uart.o(i.UART_Start_Receive_IT)
    i.UART_WaitOnFlagUntilTimeout            0x08003a7a   Section        0  stm32f1xx_hal_uart.o(i.UART_WaitOnFlagUntilTimeout)
    UART_WaitOnFlagUntilTimeout              0x08003a7b   Thumb Code   100  stm32f1xx_hal_uart.o(i.UART_WaitOnFlagUntilTimeout)
    i.USART1_IRQHandler                      0x08003ae0   Section        0  stm32f1xx_it.o(i.USART1_IRQHandler)
    i.UsageFault_Handler                     0x08003aec   Section        0  stm32f1xx_it.o(i.UsageFault_Handler)
    i.WriteComm                              0x08003af0   Section        0  main.o(i.WriteComm)
    i.__NVIC_SetPriority                     0x08003b0c   Section        0  stm32f1xx_hal_cortex.o(i.__NVIC_SetPriority)
    __NVIC_SetPriority                       0x08003b0d   Thumb Code    32  stm32f1xx_hal_cortex.o(i.__NVIC_SetPriority)
    i.__mathlib_dbl_overflow                 0x08003b2c   Section        0  dunder.o(i.__mathlib_dbl_overflow)
    i.__mathlib_dbl_underflow                0x08003b3c   Section        0  dunder.o(i.__mathlib_dbl_underflow)
    i.__mathlib_narrow                       0x08003b4c   Section        0  narrow.o(i.__mathlib_narrow)
    i.__mathlib_tofloat                      0x08003b5c   Section        0  narrow.o(i.__mathlib_tofloat)
    i.__support_ldexp                        0x08003c18   Section        0  ldexp.o(i.__support_ldexp)
    i._is_digit                              0x08003c2e   Section        0  __printf_wp.o(i._is_digit)
    i.frexp                                  0x08003c3c   Section        0  frexp.o(i.frexp)
    i.ldexp                                  0x08003c94   Section        0  ldexp.o(i.ldexp)
    i.main                                   0x08003d08   Section        0  main.o(i.main)
    i.strtof                                 0x08003df4   Section        0  strtof.o(i.strtof)
    i.subString                              0x08003e08   Section        0  main.o(i.subString)
    locale$$code                             0x08003e34   Section       44  lc_ctype_c.o(locale$$code)
    locale$$code                             0x08003e60   Section       44  lc_numeric_c.o(locale$$code)
    x$fpl$d2f                                0x08003e8c   Section       98  d2f.o(x$fpl$d2f)
    x$fpl$dcheck1                            0x08003ef0   Section       16  dcheck1.o(x$fpl$dcheck1)
    x$fpl$dcmpinf                            0x08003f00   Section       24  dcmpi.o(x$fpl$dcmpinf)
    x$fpl$deqf                               0x08003f18   Section      120  deqf.o(x$fpl$deqf)
    x$fpl$dleqf                              0x08003f90   Section      120  dleqf.o(x$fpl$dleqf)
    x$fpl$dnaninf                            0x08004008   Section      156  dnaninf.o(x$fpl$dnaninf)
    x$fpl$drleqf                             0x080040a4   Section      108  drleqf.o(x$fpl$drleqf)
    x$fpl$fadd                               0x08004110   Section      196  faddsub_clz.o(x$fpl$fadd)
    _fadd1                                   0x0800411f   Thumb Code     0  faddsub_clz.o(x$fpl$fadd)
    x$fpl$fdiv                               0x080041d4   Section      388  fdiv.o(x$fpl$fdiv)
    _fdiv1                                   0x080041d5   Thumb Code     0  fdiv.o(x$fpl$fdiv)
    x$fpl$ffix                               0x08004358   Section       54  ffix.o(x$fpl$ffix)
    x$fpl$fflt                               0x08004390   Section       48  fflt_clz.o(x$fpl$fflt)
    x$fpl$fmul                               0x080043c0   Section      258  fmul.o(x$fpl$fmul)
    x$fpl$fnaninf                            0x080044c2   Section      140  fnaninf.o(x$fpl$fnaninf)
    x$fpl$fretinf                            0x0800454e   Section       10  fretinf.o(x$fpl$fretinf)
    x$fpl$fsub                               0x08004558   Section      234  faddsub_clz.o(x$fpl$fsub)
    _fsub1                                   0x08004567   Thumb Code     0  faddsub_clz.o(x$fpl$fsub)
    x$fpl$ieeestatus                         0x08004642   Section        6  istatus.o(x$fpl$ieeestatus)
    x$fpl$retnan                             0x08004648   Section      100  retnan.o(x$fpl$retnan)
    x$fpl$scalbn                             0x080046ac   Section       92  scalbn.o(x$fpl$scalbn)
    x$fpl$scanf1                             0x08004708   Section        4  scanf1.o(x$fpl$scanf1)
    x$fpl$scanf2                             0x0800470c   Section        8  scanf2.o(x$fpl$scanf2)
    x$fpl$trapveneer                         0x08004714   Section       48  trapv.o(x$fpl$trapveneer)
    .constdata                               0x08004744   Section       16  system_stm32f1xx.o(.constdata)
    x$fpl$usenofp                            0x08004744   Section        0  usenofp.o(x$fpl$usenofp)
    .constdata                               0x08004754   Section        8  system_stm32f1xx.o(.constdata)
    .constdata                               0x0800475c   Section      148  bigflt0.o(.constdata)
    tenpwrs_x                                0x0800475c   Data          60  bigflt0.o(.constdata)
    tenpwrs_i                                0x08004798   Data          64  bigflt0.o(.constdata)
    c$$dinf                                  0x08004810   Section        8  fpconst.o(c$$dinf)
    c$$dmax                                  0x08004818   Section        8  fpconst.o(c$$dmax)
    locale$$data                             0x08004820   Section      272  lc_ctype_c.o(locale$$data)
    __lcctype_c_name                         0x08004824   Data           2  lc_ctype_c.o(locale$$data)
    __lcctype_c_start                        0x0800482c   Data           0  lc_ctype_c.o(locale$$data)
    locale$$data                             0x08004930   Section       28  lc_numeric_c.o(locale$$data)
    __lcctype_c_end                          0x08004930   Data           0  lc_ctype_c.o(locale$$data)
    __lcnum_c_name                           0x08004934   Data           2  lc_numeric_c.o(locale$$data)
    __lcnum_c_start                          0x0800493c   Data           0  lc_numeric_c.o(locale$$data)
    __lcnum_c_point                          0x08004948   Data           0  lc_numeric_c.o(locale$$data)
    __lcnum_c_thousands                      0x0800494a   Data           0  lc_numeric_c.o(locale$$data)
    __lcnum_c_grouping                       0x0800494b   Data           0  lc_numeric_c.o(locale$$data)
    __lcnum_c_end                            0x0800494c   Data           0  lc_numeric_c.o(locale$$data)
    .data                                    0x20000000   Section      196  main.o(.data)
    .data                                    0x200000c4   Section       12  stm32f1xx_hal.o(.data)
    .data                                    0x200000d0   Section        4  system_stm32f1xx.o(.data)
    .bss                                     0x200000d4   Section       36  main.o(.bss)
    .bss                                     0x200000f8   Section      216  tim.o(.bss)
    .bss                                     0x200001d0   Section       68  usart.o(.bss)
    .bss                                     0x20000214   Section       96  libspace.o(.bss)
    HEAP                                     0x20000278   Section      512  startup_stm32f103xb.o(HEAP)
    Heap_Mem                                 0x20000278   Data         512  startup_stm32f103xb.o(HEAP)
    STACK                                    0x20000478   Section     1024  startup_stm32f103xb.o(STACK)
    Stack_Mem                                0x20000478   Data        1024  startup_stm32f103xb.o(STACK)
    __initial_sp                             0x20000878   Data           0  startup_stm32f103xb.o(STACK)

    Global Symbols

    Symbol Name                              Value     Ov Type        Size  Object(Section)

    BuildAttributes$$THM_ISAv4$P$D$K$B$S$PE$A:L22UL41UL21$X:L11$S22US41US21$IEEE1$IW$USESV6$~STKCKD$USESV7$~SHL$OTIME$ROPI$IEEEX$EBA8$UX$STANDARDLIB$REQ8$PRES8$EABIv2 0x00000000   Number         0  anon$$obj.o ABSOLUTE
    __ARM_use_no_argv                        0x00000000   Number         0  main.o ABSOLUTE
    __ARM_exceptions_init                     - Undefined Weak Reference
    __alloca_initialize                       - Undefined Weak Reference
    __arm_preinit_                            - Undefined Weak Reference
    __cpp_initialize__aeabi_                  - Undefined Weak Reference
    __cxa_finalize                            - Undefined Weak Reference
    __sigvec_lookup                           - Undefined Weak Reference
    _atexit_init                              - Undefined Weak Reference
    _call_atexit_fns                          - Undefined Weak Reference
    _clock_init                               - Undefined Weak Reference
    _fp_trap_init                             - Undefined Weak Reference
    _fp_trap_shutdown                         - Undefined Weak Reference
    _get_lc_collate                           - Undefined Weak Reference
    _get_lc_monetary                          - Undefined Weak Reference
    _get_lc_time                              - Undefined Weak Reference
    _getenv_init                              - Undefined Weak Reference
    _handle_redirection                       - Undefined Weak Reference
    _init_alloc                               - Undefined Weak Reference
    _init_user_alloc                          - Undefined Weak Reference
    _initio                                   - Undefined Weak Reference
    _printf_post_padding                      - Undefined Weak Reference
    _printf_pre_padding                       - Undefined Weak Reference
    _printf_truncate_signed                   - Undefined Weak Reference
    _printf_truncate_unsigned                 - Undefined Weak Reference
    _rand_init                                - Undefined Weak Reference
    _signal_finish                            - Undefined Weak Reference
    _signal_init                              - Undefined Weak Reference
    _terminate_alloc                          - Undefined Weak Reference
    _terminate_user_alloc                     - Undefined Weak Reference
    _terminateio                              - Undefined Weak Reference
    __Vectors_Size                           0x000000ec   Number         0  startup_stm32f103xb.o ABSOLUTE
    __Vectors                                0x08000000   Data           4  startup_stm32f103xb.o(RESET)
    __Vectors_End                            0x080000ec   Data           0  startup_stm32f103xb.o(RESET)
    __main                                   0x080000ed   Thumb Code     8  __main.o(!!!main)
    __scatterload                            0x080000f5   Thumb Code     0  __scatter.o(!!!scatter)
    __scatterload_rt2                        0x080000f5   Thumb Code    44  __scatter.o(!!!scatter)
    __scatterload_rt2_thumb_only             0x080000f5   Thumb Code     0  __scatter.o(!!!scatter)
    __scatterload_null                       0x08000103   Thumb Code     0  __scatter.o(!!!scatter)
    __scatterload_copy                       0x08000129   Thumb Code    26  __scatter_copy.o(!!handler_copy)
    __scatterload_zeroinit                   0x08000145   Thumb Code    28  __scatter_zi.o(!!handler_zi)
    _printf_d                                0x08000161   Thumb Code     0  _printf_d.o(.ARM.Collect$$_printf_percent$$00000009)
    _printf_percent                          0x08000161   Thumb Code     0  _printf_percent.o(.ARM.Collect$$_printf_percent$$00000000)
    _printf_percent_end                      0x08000167   Thumb Code     0  _printf_percent_end.o(.ARM.Collect$$_printf_percent$$00000017)
    __rt_lib_init                            0x0800016b   Thumb Code     0  libinit.o(.ARM.Collect$$libinit$$00000000)
    __rt_lib_init_fp_1                       0x0800016d   Thumb Code     0  libinit2.o(.ARM.Collect$$libinit$$00000002)
    __rt_lib_init_heap_1                     0x0800016d   Thumb Code     0  libinit2.o(.ARM.Collect$$libinit$$0000000A)
    __rt_lib_init_lc_common                  0x0800016d   Thumb Code     0  libinit2.o(.ARM.Collect$$libinit$$0000000F)
    __rt_lib_init_preinit_1                  0x0800016d   Thumb Code     0  libinit2.o(.ARM.Collect$$libinit$$00000004)
    __rt_lib_init_rand_1                     0x0800016d   Thumb Code     0  libinit2.o(.ARM.Collect$$libinit$$0000000E)
    __rt_lib_init_user_alloc_1               0x0800016d   Thumb Code     0  libinit2.o(.ARM.Collect$$libinit$$0000000C)
    __rt_lib_init_lc_collate_1               0x08000173   Thumb Code     0  libinit2.o(.ARM.Collect$$libinit$$00000011)
    __rt_lib_init_lc_ctype_2                 0x08000173   Thumb Code     0  libinit2.o(.ARM.Collect$$libinit$$00000012)
    __rt_lib_init_lc_ctype_1                 0x0800017f   Thumb Code     0  libinit2.o(.ARM.Collect$$libinit$$00000013)
    __rt_lib_init_lc_monetary_1              0x0800017f   Thumb Code     0  libinit2.o(.ARM.Collect$$libinit$$00000015)
    __rt_lib_init_lc_numeric_2               0x0800017f   Thumb Code     0  libinit2.o(.ARM.Collect$$libinit$$00000016)
    __rt_lib_init_alloca_1                   0x08000189   Thumb Code     0  libinit2.o(.ARM.Collect$$libinit$$0000002E)
    __rt_lib_init_argv_1                     0x08000189   Thumb Code     0  libinit2.o(.ARM.Collect$$libinit$$0000002C)
    __rt_lib_init_atexit_1                   0x08000189   Thumb Code     0  libinit2.o(.ARM.Collect$$libinit$$0000001B)
    __rt_lib_init_clock_1                    0x08000189   Thumb Code     0  libinit2.o(.ARM.Collect$$libinit$$00000021)
    __rt_lib_init_cpp_1                      0x08000189   Thumb Code     0  libinit2.o(.ARM.Collect$$libinit$$00000032)
    __rt_lib_init_exceptions_1               0x08000189   Thumb Code     0  libinit2.o(.ARM.Collect$$libinit$$00000030)
    __rt_lib_init_fp_trap_1                  0x08000189   Thumb Code     0  libinit2.o(.ARM.Collect$$libinit$$0000001F)
    __rt_lib_init_getenv_1                   0x08000189   Thumb Code     0  libinit2.o(.ARM.Collect$$libinit$$00000023)
    __rt_lib_init_lc_numeric_1               0x08000189   Thumb Code     0  libinit2.o(.ARM.Collect$$libinit$$00000017)
    __rt_lib_init_lc_time_1                  0x08000189   Thumb Code     0  libinit2.o(.ARM.Collect$$libinit$$00000019)
    __rt_lib_init_return                     0x08000189   Thumb Code     0  libinit2.o(.ARM.Collect$$libinit$$00000033)
    __rt_lib_init_signal_1                   0x08000189   Thumb Code     0  libinit2.o(.ARM.Collect$$libinit$$0000001D)
    __rt_lib_init_stdio_1                    0x08000189   Thumb Code     0  libinit2.o(.ARM.Collect$$libinit$$00000025)
    __rt_lib_shutdown                        0x0800018b   Thumb Code     0  libshutdown.o(.ARM.Collect$$libshutdown$$00000000)
    __rt_lib_shutdown_cpp_1                  0x0800018d   Thumb Code     0  libshutdown2.o(.ARM.Collect$$libshutdown$$00000002)
    __rt_lib_shutdown_fp_trap_1              0x0800018d   Thumb Code     0  libshutdown2.o(.ARM.Collect$$libshutdown$$00000007)
    __rt_lib_shutdown_heap_1                 0x0800018d   Thumb Code     0  libshutdown2.o(.ARM.Collect$$libshutdown$$0000000F)
    __rt_lib_shutdown_return                 0x0800018d   Thumb Code     0  libshutdown2.o(.ARM.Collect$$libshutdown$$00000010)
    __rt_lib_shutdown_signal_1               0x0800018d   Thumb Code     0  libshutdown2.o(.ARM.Collect$$libshutdown$$0000000A)
    __rt_lib_shutdown_stdio_1                0x0800018d   Thumb Code     0  libshutdown2.o(.ARM.Collect$$libshutdown$$00000004)
    __rt_lib_shutdown_user_alloc_1           0x0800018d   Thumb Code     0  libshutdown2.o(.ARM.Collect$$libshutdown$$0000000C)
    __rt_entry                               0x0800018f   Thumb Code     0  __rtentry.o(.ARM.Collect$$rtentry$$00000000)
    __rt_entry_presh_1                       0x0800018f   Thumb Code     0  __rtentry2.o(.ARM.Collect$$rtentry$$00000002)
    __rt_entry_sh                            0x0800018f   Thumb Code     0  __rtentry4.o(.ARM.Collect$$rtentry$$00000004)
    __rt_entry_li                            0x08000195   Thumb Code     0  __rtentry2.o(.ARM.Collect$$rtentry$$0000000A)
    __rt_entry_postsh_1                      0x08000195   Thumb Code     0  __rtentry2.o(.ARM.Collect$$rtentry$$00000009)
    __rt_entry_main                          0x08000199   Thumb Code     0  __rtentry2.o(.ARM.Collect$$rtentry$$0000000D)
    __rt_entry_postli_1                      0x08000199   Thumb Code     0  __rtentry2.o(.ARM.Collect$$rtentry$$0000000C)
    __rt_exit                                0x080001a1   Thumb Code     0  rtexit.o(.ARM.Collect$$rtexit$$00000000)
    __rt_exit_ls                             0x080001a3   Thumb Code     0  rtexit2.o(.ARM.Collect$$rtexit$$00000003)
    __rt_exit_prels_1                        0x080001a3   Thumb Code     0  rtexit2.o(.ARM.Collect$$rtexit$$00000002)
    __rt_exit_exit                           0x080001a7   Thumb Code     0  rtexit2.o(.ARM.Collect$$rtexit$$00000004)
    Reset_Handler                            0x080001ad   Thumb Code     8  startup_stm32f103xb.o(.text)
    ADC1_2_IRQHandler                        0x080001c7   Thumb Code     0  startup_stm32f103xb.o(.text)
    CAN1_RX1_IRQHandler                      0x080001c7   Thumb Code     0  startup_stm32f103xb.o(.text)
    CAN1_SCE_IRQHandler                      0x080001c7   Thumb Code     0  startup_stm32f103xb.o(.text)
    DMA1_Channel1_IRQHandler                 0x080001c7   Thumb Code     0  startup_stm32f103xb.o(.text)
    DMA1_Channel2_IRQHandler                 0x080001c7   Thumb Code     0  startup_stm32f103xb.o(.text)
    DMA1_Channel3_IRQHandler                 0x080001c7   Thumb Code     0  startup_stm32f103xb.o(.text)
    DMA1_Channel4_IRQHandler                 0x080001c7   Thumb Code     0  startup_stm32f103xb.o(.text)
    DMA1_Channel5_IRQHandler                 0x080001c7   Thumb Code     0  startup_stm32f103xb.o(.text)
    DMA1_Channel6_IRQHandler                 0x080001c7   Thumb Code     0  startup_stm32f103xb.o(.text)
    DMA1_Channel7_IRQHandler                 0x080001c7   Thumb Code     0  startup_stm32f103xb.o(.text)
    EXTI0_IRQHandler                         0x080001c7   Thumb Code     0  startup_stm32f103xb.o(.text)
    EXTI15_10_IRQHandler                     0x080001c7   Thumb Code     0  startup_stm32f103xb.o(.text)
    EXTI1_IRQHandler                         0x080001c7   Thumb Code     0  startup_stm32f103xb.o(.text)
    EXTI2_IRQHandler                         0x080001c7   Thumb Code     0  startup_stm32f103xb.o(.text)
    EXTI3_IRQHandler                         0x080001c7   Thumb Code     0  startup_stm32f103xb.o(.text)
    EXTI4_IRQHandler                         0x080001c7   Thumb Code     0  startup_stm32f103xb.o(.text)
    EXTI9_5_IRQHandler                       0x080001c7   Thumb Code     0  startup_stm32f103xb.o(.text)
    FLASH_IRQHandler                         0x080001c7   Thumb Code     0  startup_stm32f103xb.o(.text)
    I2C1_ER_IRQHandler                       0x080001c7   Thumb Code     0  startup_stm32f103xb.o(.text)
    I2C1_EV_IRQHandler                       0x080001c7   Thumb Code     0  startup_stm32f103xb.o(.text)
    I2C2_ER_IRQHandler                       0x080001c7   Thumb Code     0  startup_stm32f103xb.o(.text)
    I2C2_EV_IRQHandler                       0x080001c7   Thumb Code     0  startup_stm32f103xb.o(.text)
    PVD_IRQHandler                           0x080001c7   Thumb Code     0  startup_stm32f103xb.o(.text)
    RCC_IRQHandler                           0x080001c7   Thumb Code     0  startup_stm32f103xb.o(.text)
    RTC_Alarm_IRQHandler                     0x080001c7   Thumb Code     0  startup_stm32f103xb.o(.text)
    RTC_IRQHandler                           0x080001c7   Thumb Code     0  startup_stm32f103xb.o(.text)
    SPI1_IRQHandler                          0x080001c7   Thumb Code     0  startup_stm32f103xb.o(.text)
    SPI2_IRQHandler                          0x080001c7   Thumb Code     0  startup_stm32f103xb.o(.text)
    TAMPER_IRQHandler                        0x080001c7   Thumb Code     0  startup_stm32f103xb.o(.text)
    TIM1_BRK_IRQHandler                      0x080001c7   Thumb Code     0  startup_stm32f103xb.o(.text)
    TIM1_CC_IRQHandler                       0x080001c7   Thumb Code     0  startup_stm32f103xb.o(.text)
    TIM1_TRG_COM_IRQHandler                  0x080001c7   Thumb Code     0  startup_stm32f103xb.o(.text)
    TIM1_UP_IRQHandler                       0x080001c7   Thumb Code     0  startup_stm32f103xb.o(.text)
    TIM2_IRQHandler                          0x080001c7   Thumb Code     0  startup_stm32f103xb.o(.text)
    TIM4_IRQHandler                          0x080001c7   Thumb Code     0  startup_stm32f103xb.o(.text)
    USART2_IRQHandler                        0x080001c7   Thumb Code     0  startup_stm32f103xb.o(.text)
    USART3_IRQHandler                        0x080001c7   Thumb Code     0  startup_stm32f103xb.o(.text)
    USBWakeUp_IRQHandler                     0x080001c7   Thumb Code     0  startup_stm32f103xb.o(.text)
    USB_HP_CAN1_TX_IRQHandler                0x080001c7   Thumb Code     0  startup_stm32f103xb.o(.text)
    USB_LP_CAN1_RX0_IRQHandler               0x080001c7   Thumb Code     0  startup_stm32f103xb.o(.text)
    WWDG_IRQHandler                          0x080001c7   Thumb Code     0  startup_stm32f103xb.o(.text)
    __user_initial_stackheap                 0x080001c9   Thumb Code     0  startup_stm32f103xb.o(.text)
    __2sprintf                               0x080001ed   Thumb Code    34  noretval__2sprintf.o(.text)
    __printf                                 0x08000215   Thumb Code   104  __printf.o(.text)
    _printf_int_dec                          0x0800027d   Thumb Code   104  _printf_dec.o(.text)
    atoi                                     0x080002f5   Thumb Code    26  atoi.o(.text)
    __aeabi_memclr4                          0x0800030f   Thumb Code     0  rt_memclr_w.o(.text)
    __aeabi_memclr8                          0x0800030f   Thumb Code     0  rt_memclr_w.o(.text)
    __rt_memclr_w                            0x0800030f   Thumb Code    78  rt_memclr_w.o(.text)
    _memset_w                                0x08000313   Thumb Code     0  rt_memclr_w.o(.text)
    __use_two_region_memory                  0x0800035d   Thumb Code     2  heapauxi.o(.text)
    __rt_heap_escrow$2region                 0x0800035f   Thumb Code     2  heapauxi.o(.text)
    __rt_heap_expand$2region                 0x08000361   Thumb Code     2  heapauxi.o(.text)
    __aeabi_errno_addr                       0x08000365   Thumb Code     8  rt_errno_addr_intlibspace.o(.text)
    __errno$intlibspace                      0x08000365   Thumb Code     0  rt_errno_addr_intlibspace.o(.text)
    __rt_errno_addr$intlibspace              0x08000365   Thumb Code     0  rt_errno_addr_intlibspace.o(.text)
    _printf_int_common                       0x0800036d   Thumb Code   178  _printf_intcommon.o(.text)
    _printf_char_common                      0x0800042b   Thumb Code    32  _printf_char_common.o(.text)
    _sputc                                   0x08000451   Thumb Code    10  _sputc.o(.text)
    __strtof_int                             0x0800045b   Thumb Code    26  strtof.o(.text)
    strtol                                   0x08000475   Thumb Code   112  strtol.o(.text)
    __user_libspace                          0x080004e5   Thumb Code     8  libspace.o(.text)
    __user_perproc_libspace                  0x080004e5   Thumb Code     0  libspace.o(.text)
    __user_perthread_libspace                0x080004e5   Thumb Code     0  libspace.o(.text)
    __rt_ctype_table                         0x080004ed   Thumb Code    16  rt_ctype_table.o(.text)
    _strtoul                                 0x080004fd   Thumb Code   158  _strtoul.o(.text)
    __strtod_int                             0x080005d9   Thumb Code    90  strtod.o(.text)
    __user_setup_stackheap                   0x08000641   Thumb Code    74  sys_stackheap_outer.o(.text)
    __rt_locale                              0x0800068d   Thumb Code     8  rt_locale_intlibspace.o(.text)
    __read_errno                             0x08000695   Thumb Code    10  _rserrno.o(.text)
    __set_errno                              0x0800069f   Thumb Code    12  _rserrno.o(.text)
    isspace                                  0x080006ab   Thumb Code    18  isspace.o(.text)
    _chval                                   0x080006bd   Thumb Code    28  _chval.o(.text)
    _sgetc                                   0x080006d9   Thumb Code    30  _sgetc.o(.text)
    _sbackspace                              0x080006f7   Thumb Code    34  _sgetc.o(.text)
    exit                                     0x08000719   Thumb Code    18  exit.o(.text)
    _scanf_really_real                       0x08000979   Thumb Code   684  scanf_fp.o(.text)
    strcmp                                   0x08000c25   Thumb Code   128  strcmpv7m.o(.text)
    _btod_etento                             0x08000ca5   Thumb Code   224  bigflt0.o(.text)
    _sys_exit                                0x08000d89   Thumb Code     8  sys_exit.o(.text)
    _scanf_really_hex_real                   0x08000d95   Thumb Code   786  scanf_hexfp.o(.text)
    _scanf_really_infnan                     0x080010b5   Thumb Code   292  scanf_infnan.o(.text)
    __I$use$semihosting                      0x080011e9   Thumb Code     0  use_no_semi.o(.text)
    __use_no_semihosting_swi                 0x080011e9   Thumb Code     2  use_no_semi.o(.text)
    __aeabi_llsl                             0x080011eb   Thumb Code     0  llshl.o(.text)
    __semihosting_library_function           0x080011eb   Thumb Code     0  indicate_semi.o(.text)
    _ll_shift_l                              0x080011eb   Thumb Code    38  llshl.o(.text)
    __btod_div_common                        0x08001211   Thumb Code   696  btod.o(CL$$btod_div_common)
    _e2d                                     0x08001549   Thumb Code   122  btod.o(CL$$btod_e2d)
    _e2e                                     0x080015cd   Thumb Code   220  btod.o(CL$$btod_e2e)
    _btod_ediv                               0x080016a9   Thumb Code    42  btod.o(CL$$btod_ediv)
    _btod_edivd                              0x080016d3   Thumb Code    42  btod.o(CL$$btod_edivd)
    _btod_emul                               0x080016fd   Thumb Code    42  btod.o(CL$$btod_emul)
    _btod_emuld                              0x08001727   Thumb Code    42  btod.o(CL$$btod_emuld)
    __btod_mult_common                       0x08001751   Thumb Code   580  btod.o(CL$$btod_mult_common)
    BusFault_Handler                         0x08001995   Thumb Code     2  stm32f1xx_it.o(i.BusFault_Handler)
    DebugMon_Handler                         0x08001997   Thumb Code     2  stm32f1xx_it.o(i.DebugMon_Handler)
    Encoder                                  0x08001999   Thumb Code    42  main.o(i.Encoder)
    Error_Handler                            0x080019cd   Thumb Code     4  main.o(i.Error_Handler)
    HAL_DMA_Abort                            0x080019d1   Thumb Code    70  stm32f1xx_hal_dma.o(i.HAL_DMA_Abort)
    HAL_DMA_Abort_IT                         0x08001a19   Thumb Code   148  stm32f1xx_hal_dma.o(i.HAL_DMA_Abort_IT)
    HAL_GPIO_Init                            0x08001ab1   Thumb Code   446  stm32f1xx_hal_gpio.o(i.HAL_GPIO_Init)
    HAL_GPIO_WritePin                        0x08001c91   Thumb Code    10  stm32f1xx_hal_gpio.o(i.HAL_GPIO_WritePin)
    HAL_GetTick                              0x08001c9d   Thumb Code     6  stm32f1xx_hal.o(i.HAL_GetTick)
    HAL_IncTick                              0x08001ca9   Thumb Code    12  stm32f1xx_hal.o(i.HAL_IncTick)
    HAL_Init                                 0x08001cb9   Thumb Code    32  stm32f1xx_hal.o(i.HAL_Init)
    HAL_InitTick                             0x08001cdd   Thumb Code    54  stm32f1xx_hal.o(i.HAL_InitTick)
    HAL_MspInit                              0x08001d1d   Thumb Code    52  stm32f1xx_hal_msp.o(i.HAL_MspInit)
    HAL_NVIC_EnableIRQ                       0x08001d59   Thumb Code    26  stm32f1xx_hal_cortex.o(i.HAL_NVIC_EnableIRQ)
    HAL_NVIC_SetPriority                     0x08001d75   Thumb Code    60  stm32f1xx_hal_cortex.o(i.HAL_NVIC_SetPriority)
    HAL_NVIC_SetPriorityGrouping             0x08001db5   Thumb Code    26  stm32f1xx_hal_cortex.o(i.HAL_NVIC_SetPriorityGrouping)
    HAL_RCC_ClockConfig                      0x08001dd9   Thumb Code   280  stm32f1xx_hal_rcc.o(i.HAL_RCC_ClockConfig)
    HAL_RCC_GetPCLK1Freq                     0x08001f05   Thumb Code    20  stm32f1xx_hal_rcc.o(i.HAL_RCC_GetPCLK1Freq)
    HAL_RCC_GetPCLK2Freq                     0x08001f25   Thumb Code    20  stm32f1xx_hal_rcc.o(i.HAL_RCC_GetPCLK2Freq)
    HAL_RCC_GetSysClockFreq                  0x08001f45   Thumb Code    74  stm32f1xx_hal_rcc.o(i.HAL_RCC_GetSysClockFreq)
    HAL_RCC_OscConfig                        0x08001fb1   Thumb Code   778  stm32f1xx_hal_rcc.o(i.HAL_RCC_OscConfig)
    HAL_SYSTICK_Config                       0x080022d1   Thumb Code    40  stm32f1xx_hal_cortex.o(i.HAL_SYSTICK_Config)
    HAL_TIMEx_BreakCallback                  0x080022f9   Thumb Code     2  stm32f1xx_hal_tim_ex.o(i.HAL_TIMEx_BreakCallback)
    HAL_TIMEx_CommutCallback                 0x080022fb   Thumb Code     2  stm32f1xx_hal_tim_ex.o(i.HAL_TIMEx_CommutCallback)
    HAL_TIMEx_ConfigBreakDeadTime            0x080022fd   Thumb Code    84  stm32f1xx_hal_tim_ex.o(i.HAL_TIMEx_ConfigBreakDeadTime)
    HAL_TIMEx_MasterConfigSynchronization    0x08002351   Thumb Code    92  stm32f1xx_hal_tim_ex.o(i.HAL_TIMEx_MasterConfigSynchronization)
    HAL_TIM_Base_Init                        0x080023b9   Thumb Code    90  stm32f1xx_hal_tim.o(i.HAL_TIM_Base_Init)
    HAL_TIM_Base_MspInit                     0x08002415   Thumb Code    72  tim.o(i.HAL_TIM_Base_MspInit)
    HAL_TIM_Base_Start_IT                    0x08002469   Thumb Code    76  stm32f1xx_hal_tim.o(i.HAL_TIM_Base_Start_IT)
    HAL_TIM_ConfigClockSource                0x080024c1   Thumb Code   214  stm32f1xx_hal_tim.o(i.HAL_TIM_ConfigClockSource)
    HAL_TIM_Encoder_Init                     0x08002597   Thumb Code   164  stm32f1xx_hal_tim.o(i.HAL_TIM_Encoder_Init)
    HAL_TIM_Encoder_MspInit                  0x0800263d   Thumb Code   126  tim.o(i.HAL_TIM_Encoder_MspInit)
    HAL_TIM_Encoder_Start                    0x080026cd   Thumb Code   142  stm32f1xx_hal_tim.o(i.HAL_TIM_Encoder_Start)
    HAL_TIM_IC_CaptureCallback               0x0800275b   Thumb Code     2  stm32f1xx_hal_tim.o(i.HAL_TIM_IC_CaptureCallback)
    HAL_TIM_IRQHandler                       0x0800275d   Thumb Code   358  stm32f1xx_hal_tim.o(i.HAL_TIM_IRQHandler)
    HAL_TIM_MspPostInit                      0x080028c5   Thumb Code    64  tim.o(i.HAL_TIM_MspPostInit)
    HAL_TIM_OC_DelayElapsedCallback          0x08002911   Thumb Code     2  stm32f1xx_hal_tim.o(i.HAL_TIM_OC_DelayElapsedCallback)
    HAL_TIM_PWM_ConfigChannel                0x08002913   Thumb Code   198  stm32f1xx_hal_tim.o(i.HAL_TIM_PWM_ConfigChannel)
    HAL_TIM_PWM_Init                         0x080029d9   Thumb Code    90  stm32f1xx_hal_tim.o(i.HAL_TIM_PWM_Init)
    HAL_TIM_PWM_MspInit                      0x08002a33   Thumb Code     2  stm32f1xx_hal_tim.o(i.HAL_TIM_PWM_MspInit)
    HAL_TIM_PWM_PulseFinishedCallback        0x08002a35   Thumb Code     2  stm32f1xx_hal_tim.o(i.HAL_TIM_PWM_PulseFinishedCallback)
    HAL_TIM_PWM_Start                        0x08002a39   Thumb Code   144  stm32f1xx_hal_tim.o(i.HAL_TIM_PWM_Start)
    HAL_TIM_PeriodElapsedCallback            0x08002ad5   Thumb Code   116  main.o(i.HAL_TIM_PeriodElapsedCallback)
    HAL_TIM_TriggerCallback                  0x08002b55   Thumb Code     2  stm32f1xx_hal_tim.o(i.HAL_TIM_TriggerCallback)
    HAL_UARTEx_RxEventCallback               0x08002b57   Thumb Code     2  stm32f1xx_hal_uart.o(i.HAL_UARTEx_RxEventCallback)
    HAL_UART_ErrorCallback                   0x08002b59   Thumb Code     2  stm32f1xx_hal_uart.o(i.HAL_UART_ErrorCallback)
    HAL_UART_IRQHandler                      0x08002b5d   Thumb Code   520  stm32f1xx_hal_uart.o(i.HAL_UART_IRQHandler)
    HAL_UART_Init                            0x08002d69   Thumb Code    98  stm32f1xx_hal_uart.o(i.HAL_UART_Init)
    HAL_UART_MspInit                         0x08002dcd   Thumb Code   128  usart.o(i.HAL_UART_MspInit)
    HAL_UART_Receive_IT                      0x08002e5d   Thumb Code    42  stm32f1xx_hal_uart.o(i.HAL_UART_Receive_IT)
    HAL_UART_RxCpltCallback                  0x08002e89   Thumb Code    50  main.o(i.HAL_UART_RxCpltCallback)
    HAL_UART_Transmit                        0x08002ec9   Thumb Code   178  stm32f1xx_hal_uart.o(i.HAL_UART_Transmit)
    HAL_UART_TxCpltCallback                  0x08002f7b   Thumb Code     2  stm32f1xx_hal_uart.o(i.HAL_UART_TxCpltCallback)
    HardFault_Handler                        0x08002f7d   Thumb Code     2  stm32f1xx_it.o(i.HardFault_Handler)
    MX_GPIO_Init                             0x08002f81   Thumb Code   104  gpio.o(i.MX_GPIO_Init)
    MX_TIM1_Init                             0x08002ff1   Thumb Code   194  tim.o(i.MX_TIM1_Init)
    MX_TIM2_Init                             0x080030bd   Thumb Code   100  tim.o(i.MX_TIM2_Init)
    MX_TIM3_Init                             0x08003125   Thumb Code    96  tim.o(i.MX_TIM3_Init)
    MX_USART1_UART_Init                      0x0800318d   Thumb Code    48  usart.o(i.MX_USART1_UART_Init)
    MemManage_Handler                        0x080031c5   Thumb Code     2  stm32f1xx_it.o(i.MemManage_Handler)
    NMI_Handler                              0x080031c7   Thumb Code     2  stm32f1xx_it.o(i.NMI_Handler)
    PID_Position_Process                     0x080031c9   Thumb Code   168  main.o(i.PID_Position_Process)
    PID_Speed_Process                        0x08003281   Thumb Code   178  main.o(i.PID_Speed_Process)
    PWM_Set_Duty                             0x08003345   Thumb Code    82  main.o(i.PWM_Set_Duty)
    PendSV_Handler                           0x080033a9   Thumb Code     2  stm32f1xx_it.o(i.PendSV_Handler)
    ReadComm                                 0x080033ad   Thumb Code    96  main.o(i.ReadComm)
    SVC_Handler                              0x08003411   Thumb Code     2  stm32f1xx_it.o(i.SVC_Handler)
    Serial_Process                           0x08003415   Thumb Code   438  main.o(i.Serial_Process)
    StrCompare                               0x080035d5   Thumb Code    28  main.o(i.StrCompare)
    SysTick_Handler                          0x080035f1   Thumb Code     4  stm32f1xx_it.o(i.SysTick_Handler)
    SystemClock_Config                       0x080035f5   Thumb Code    92  main.o(i.SystemClock_Config)
    SystemInit                               0x08003651   Thumb Code     2  system_stm32f1xx.o(i.SystemInit)
    TIM3_IRQHandler                          0x08003655   Thumb Code     6  stm32f1xx_it.o(i.TIM3_IRQHandler)
    TIM_Base_SetConfig                       0x08003661   Thumb Code    94  stm32f1xx_hal_tim.o(i.TIM_Base_SetConfig)
    TIM_CCxChannelCmd                        0x080036cd   Thumb Code    26  stm32f1xx_hal_tim.o(i.TIM_CCxChannelCmd)
    TIM_ETR_SetConfig                        0x080036e7   Thumb Code    20  stm32f1xx_hal_tim.o(i.TIM_ETR_SetConfig)
    TIM_OC2_SetConfig                        0x0800375d   Thumb Code    84  stm32f1xx_hal_tim.o(i.TIM_OC2_SetConfig)
    UART_Start_Receive_IT                    0x08003a45   Thumb Code    54  stm32f1xx_hal_uart.o(i.UART_Start_Receive_IT)
    USART1_IRQHandler                        0x08003ae1   Thumb Code     6  stm32f1xx_it.o(i.USART1_IRQHandler)
    UsageFault_Handler                       0x08003aed   Thumb Code     2  stm32f1xx_it.o(i.UsageFault_Handler)
    WriteComm                                0x08003af1   Thumb Code    24  main.o(i.WriteComm)
    __mathlib_dbl_overflow                   0x08003b2d   Thumb Code    14  dunder.o(i.__mathlib_dbl_overflow)
    __mathlib_dbl_underflow                  0x08003b3d   Thumb Code    10  dunder.o(i.__mathlib_dbl_underflow)
    __mathlib_narrow                         0x08003b4d   Thumb Code    16  narrow.o(i.__mathlib_narrow)
    __mathlib_tofloat                        0x08003b5d   Thumb Code   184  narrow.o(i.__mathlib_tofloat)
    __support_ldexp                          0x08003c19   Thumb Code    22  ldexp.o(i.__support_ldexp)
    _is_digit                                0x08003c2f   Thumb Code    14  __printf_wp.o(i._is_digit)
    frexp                                    0x08003c3d   Thumb Code    80  frexp.o(i.frexp)
    ldexp                                    0x08003c95   Thumb Code   116  ldexp.o(i.ldexp)
    main                                     0x08003d09   Thumb Code   208  main.o(i.main)
    strtof                                   0x08003df5   Thumb Code    20  strtof.o(i.strtof)
    subString                                0x08003e09   Thumb Code    38  main.o(i.subString)
    _get_lc_ctype                            0x08003e35   Thumb Code    44  lc_ctype_c.o(locale$$code)
    _get_lc_numeric                          0x08003e61   Thumb Code    44  lc_numeric_c.o(locale$$code)
    __aeabi_d2f                              0x08003e8d   Thumb Code     0  d2f.o(x$fpl$d2f)
    _d2f                                     0x08003e8d   Thumb Code    98  d2f.o(x$fpl$d2f)
    __fpl_dcheck_NaN1                        0x08003ef1   Thumb Code    10  dcheck1.o(x$fpl$dcheck1)
    __fpl_dcmp_Inf                           0x08003f01   Thumb Code    24  dcmpi.o(x$fpl$dcmpinf)
    __aeabi_cdcmpeq                          0x08003f19   Thumb Code     0  deqf.o(x$fpl$deqf)
    _dcmpeq                                  0x08003f19   Thumb Code   120  deqf.o(x$fpl$deqf)
    __aeabi_cdcmple                          0x08003f91   Thumb Code     0  dleqf.o(x$fpl$dleqf)
    _dcmple                                  0x08003f91   Thumb Code   120  dleqf.o(x$fpl$dleqf)
    __fpl_dcmple_InfNaN                      0x08003ff3   Thumb Code     0  dleqf.o(x$fpl$dleqf)
    __fpl_dnaninf                            0x08004009   Thumb Code   156  dnaninf.o(x$fpl$dnaninf)
    __aeabi_cdrcmple                         0x080040a5   Thumb Code     0  drleqf.o(x$fpl$drleqf)
    _drcmple                                 0x080040a5   Thumb Code   108  drleqf.o(x$fpl$drleqf)
    __aeabi_fadd                             0x08004111   Thumb Code     0  faddsub_clz.o(x$fpl$fadd)
    _fadd                                    0x08004111   Thumb Code   196  faddsub_clz.o(x$fpl$fadd)
    __aeabi_fdiv                             0x080041d5   Thumb Code     0  fdiv.o(x$fpl$fdiv)
    _fdiv                                    0x080041d5   Thumb Code   384  fdiv.o(x$fpl$fdiv)
    __aeabi_f2iz                             0x08004359   Thumb Code     0  ffix.o(x$fpl$ffix)
    _ffix                                    0x08004359   Thumb Code    54  ffix.o(x$fpl$ffix)
    __aeabi_i2f                              0x08004391   Thumb Code     0  fflt_clz.o(x$fpl$fflt)
    _fflt                                    0x08004391   Thumb Code    48  fflt_clz.o(x$fpl$fflt)
    __aeabi_fmul                             0x080043c1   Thumb Code     0  fmul.o(x$fpl$fmul)
    _fmul                                    0x080043c1   Thumb Code   258  fmul.o(x$fpl$fmul)
    __fpl_fnaninf                            0x080044c3   Thumb Code   140  fnaninf.o(x$fpl$fnaninf)
    __fpl_fretinf                            0x0800454f   Thumb Code    10  fretinf.o(x$fpl$fretinf)
    __aeabi_fsub                             0x08004559   Thumb Code     0  faddsub_clz.o(x$fpl$fsub)
    _fsub                                    0x08004559   Thumb Code   234  faddsub_clz.o(x$fpl$fsub)
    __ieee_status                            0x08004643   Thumb Code     6  istatus.o(x$fpl$ieeestatus)
    __fpl_return_NaN                         0x08004649   Thumb Code   100  retnan.o(x$fpl$retnan)
    __ARM_scalbn                             0x080046ad   Thumb Code    92  scalbn.o(x$fpl$scalbn)
    _scanf_real                              0x08004709   Thumb Code     4  scanf1.o(x$fpl$scanf1)
    _scanf_hex_real                          0x0800470d   Thumb Code     4  scanf2.o(x$fpl$scanf2)
    _scanf_infnan                            0x08004711   Thumb Code     4  scanf2.o(x$fpl$scanf2)
    __fpl_cmpreturn                          0x08004715   Thumb Code    48  trapv.o(x$fpl$trapveneer)
    AHBPrescTable                            0x08004744   Data          16  system_stm32f1xx.o(.constdata)
    __I$use$fp                               0x08004744   Number         0  usenofp.o(x$fpl$usenofp)
    APBPrescTable                            0x08004754   Data           8  system_stm32f1xx.o(.constdata)
    Region$$Table$$Base                      0x080047f0   Number         0  anon$$obj.o(Region$$Table)
    Region$$Table$$Limit                     0x08004810   Number         0  anon$$obj.o(Region$$Table)
    __aeabi_HUGE_VAL                         0x08004810   Data           0  fpconst.o(c$$dinf)
    __aeabi_HUGE_VALL                        0x08004810   Data           0  fpconst.o(c$$dinf)
    __aeabi_INFINITY                         0x08004810   Data           0  fpconst.o(c$$dinf)
    __dInf                                   0x08004810   Data           0  fpconst.o(c$$dinf)
    __huge_val                               0x08004810   Data           0  fpconst.o(c$$dinf)
    __dbl_max                                0x08004818   Data           0  fpconst.o(c$$dmax)
    __ctype                                  0x0800482d   Data           0  lc_ctype_c.o(locale$$data)
    Tx_Index                                 0x20000000   Data           1  main.o(.data)
    Rx_Index                                 0x20000001   Data           1  main.o(.data)
    STX                                      0x20000002   Data           1  main.o(.data)
    ETX                                      0x20000003   Data           1  main.o(.data)
    ACK                                      0x20000004   Data           1  main.o(.data)
    bDataAvailable                           0x20000005   Data           1  main.o(.data)
    bStart                                   0x20000006   Data           1  main.o(.data)
    bRx_flag                                 0x20000007   Data           1  main.o(.data)
    Rx_data                                  0x20000008   Data           1  main.o(.data)
    counter_speed                            0x2000000a   Data           2  main.o(.data)
    counter_speed_last                       0x2000000c   Data           2  main.o(.data)
    counter_position                         0x2000000e   Data           2  main.o(.data)
    SPE                                      0x20000010   Data           3  main.o(.data)
    POS                                      0x20000013   Data           3  main.o(.data)
    optSetpoint                              0x20000016   Data           3  main.o(.data)
    optKp                                    0x20000019   Data           3  main.o(.data)
    optKi                                    0x2000001c   Data           3  main.o(.data)
    optKd                                    0x2000001f   Data           3  main.o(.data)
    strOpt                                   0x20000022   Data           3  main.o(.data)
    strMode                                  0x20000025   Data           3  main.o(.data)
    Xung                                     0x20000028   Data           4  main.o(.data)
    Ts                                       0x2000002c   Data           4  main.o(.data)
    BUFF_SIZE                                0x20000030   Data           4  main.o(.data)
    LOAD                                     0x20000034   Data           4  main.o(.data)
    DEMO                                     0x20000038   Data           4  main.o(.data)
    STOP                                     0x2000003c   Data           4  main.o(.data)
    ARR                                      0x20000040   Data           4  main.o(.data)
    CCR                                      0x20000044   Data           4  main.o(.data)
    setpoint                                 0x20000048   Data           4  main.o(.data)
    Kp                                       0x2000004c   Data           4  main.o(.data)
    Ki                                       0x20000050   Data           4  main.o(.data)
    Kd                                       0x20000054   Data           4  main.o(.data)
    P_part                                   0x20000058   Data           4  main.o(.data)
    I_part                                   0x2000005c   Data           4  main.o(.data)
    D_part                                   0x20000060   Data           4  main.o(.data)
    speed                                    0x20000064   Data           4  main.o(.data)
    speed_last                               0x20000068   Data           4  main.o(.data)
    position                                 0x2000006c   Data           4  main.o(.data)
    PID_output                               0x20000070   Data           4  main.o(.data)
    PID_output_last                          0x20000074   Data           4  main.o(.data)
    error                                    0x20000078   Data           4  main.o(.data)
    error_last                               0x2000007c   Data           4  main.o(.data)
    pre_error_last                           0x20000080   Data           4  main.o(.data)
    endPtr                                   0x20000084   Data           4  main.o(.data)
    strCommand                               0x20000088   Data           4  main.o(.data)
    Encoder_read                             0x2000008c   Data           8  main.o(.data)
    strData                                  0x20000094   Data           8  main.o(.data)
    subData                                  0x2000009c   Data           8  main.o(.data)
    strSetpoint                              0x200000a4   Data           8  main.o(.data)
    strKp                                    0x200000ac   Data           8  main.o(.data)
    strKi                                    0x200000b4   Data           8  main.o(.data)
    strKd                                    0x200000bc   Data           8  main.o(.data)
    uwTickFreq                               0x200000c4   Data           1  stm32f1xx_hal.o(.data)
    uwTickPrio                               0x200000c8   Data           4  stm32f1xx_hal.o(.data)
    uwTick                                   0x200000cc   Data           4  stm32f1xx_hal.o(.data)
    SystemCoreClock                          0x200000d0   Data           4  system_stm32f1xx.o(.data)
    nTxData                                  0x200000d4   Data          18  main.o(.bss)
    nRxData                                  0x200000e6   Data          18  main.o(.bss)
    htim1                                    0x200000f8   Data          72  tim.o(.bss)
    htim2                                    0x20000140   Data          72  tim.o(.bss)
    htim3                                    0x20000188   Data          72  tim.o(.bss)
    huart1                                   0x200001d0   Data          68  usart.o(.bss)
    __libspace_start                         0x20000214   Data          96  libspace.o(.bss)
    __temporary_stack_top$libspace           0x20000274   Data           0  libspace.o(.bss)



==============================================================================

Memory Map of the image

  Image Entry point : 0x080000ed

  Load Region LR_IROM1 (Base: 0x08000000, Size: 0x00004a20, Max: 0x00010000, ABSOLUTE)

    Execution Region ER_IROM1 (Exec base: 0x08000000, Load base: 0x08000000, Size: 0x0000494c, Max: 0x00010000, ABSOLUTE)

    Exec Addr    Load Addr    Size         Type   Attr      Idx    E Section Name        Object

    0x08000000   0x08000000   0x000000ec   Data   RO            3    RESET               startup_stm32f103xb.o
    0x080000ec   0x080000ec   0x00000008   Code   RO         2900  * !!!main             c_w.l(__main.o)
    0x080000f4   0x080000f4   0x00000034   Code   RO         3251    !!!scatter          c_w.l(__scatter.o)
    0x08000128   0x08000128   0x0000001a   Code   RO         3253    !!handler_copy      c_w.l(__scatter_copy.o)
    0x08000142   0x08000142   0x00000002   PAD
    0x08000144   0x08000144   0x0000001c   Code   RO         3255    !!handler_zi        c_w.l(__scatter_zi.o)
    0x08000160   0x08000160   0x00000000   Code   RO         2893    .ARM.Collect$$_printf_percent$$00000000  c_w.l(_printf_percent.o)
    0x08000160   0x08000160   0x00000006   Code   RO         2892    .ARM.Collect$$_printf_percent$$00000009  c_w.l(_printf_d.o)
    0x08000166   0x08000166   0x00000004   Code   RO         2940    .ARM.Collect$$_printf_percent$$00000017  c_w.l(_printf_percent_end.o)
    0x0800016a   0x0800016a   0x00000002   Code   RO         3010    .ARM.Collect$$libinit$$00000000  c_w.l(libinit.o)
    0x0800016c   0x0800016c   0x00000000   Code   RO         3032    .ARM.Collect$$libinit$$00000002  c_w.l(libinit2.o)
    0x0800016c   0x0800016c   0x00000000   Code   RO         3034    .ARM.Collect$$libinit$$00000004  c_w.l(libinit2.o)
    0x0800016c   0x0800016c   0x00000000   Code   RO         3037    .ARM.Collect$$libinit$$0000000A  c_w.l(libinit2.o)
    0x0800016c   0x0800016c   0x00000000   Code   RO         3039    .ARM.Collect$$libinit$$0000000C  c_w.l(libinit2.o)
    0x0800016c   0x0800016c   0x00000000   Code   RO         3041    .ARM.Collect$$libinit$$0000000E  c_w.l(libinit2.o)
    0x0800016c   0x0800016c   0x00000006   Code   RO         3042    .ARM.Collect$$libinit$$0000000F  c_w.l(libinit2.o)
    0x08000172   0x08000172   0x00000000   Code   RO         3044    .ARM.Collect$$libinit$$00000011  c_w.l(libinit2.o)
    0x08000172   0x08000172   0x0000000c   Code   RO         3045    .ARM.Collect$$libinit$$00000012  c_w.l(libinit2.o)
    0x0800017e   0x0800017e   0x00000000   Code   RO         3046    .ARM.Collect$$libinit$$00000013  c_w.l(libinit2.o)
    0x0800017e   0x0800017e   0x00000000   Code   RO         3048    .ARM.Collect$$libinit$$00000015  c_w.l(libinit2.o)
    0x0800017e   0x0800017e   0x0000000a   Code   RO         3049    .ARM.Collect$$libinit$$00000016  c_w.l(libinit2.o)
    0x08000188   0x08000188   0x00000000   Code   RO         3050    .ARM.Collect$$libinit$$00000017  c_w.l(libinit2.o)
    0x08000188   0x08000188   0x00000000   Code   RO         3052    .ARM.Collect$$libinit$$00000019  c_w.l(libinit2.o)
    0x08000188   0x08000188   0x00000000   Code   RO         3054    .ARM.Collect$$libinit$$0000001B  c_w.l(libinit2.o)
    0x08000188   0x08000188   0x00000000   Code   RO         3056    .ARM.Collect$$libinit$$0000001D  c_w.l(libinit2.o)
    0x08000188   0x08000188   0x00000000   Code   RO         3058    .ARM.Collect$$libinit$$0000001F  c_w.l(libinit2.o)
    0x08000188   0x08000188   0x00000000   Code   RO         3060    .ARM.Collect$$libinit$$00000021  c_w.l(libinit2.o)
    0x08000188   0x08000188   0x00000000   Code   RO         3062    .ARM.Collect$$libinit$$00000023  c_w.l(libinit2.o)
    0x08000188   0x08000188   0x00000000   Code   RO         3064    .ARM.Collect$$libinit$$00000025  c_w.l(libinit2.o)
    0x08000188   0x08000188   0x00000000   Code   RO         3068    .ARM.Collect$$libinit$$0000002C  c_w.l(libinit2.o)
    0x08000188   0x08000188   0x00000000   Code   RO         3070    .ARM.Collect$$libinit$$0000002E  c_w.l(libinit2.o)
    0x08000188   0x08000188   0x00000000   Code   RO         3072    .ARM.Collect$$libinit$$00000030  c_w.l(libinit2.o)
    0x08000188   0x08000188   0x00000000   Code   RO         3074    .ARM.Collect$$libinit$$00000032  c_w.l(libinit2.o)
    0x08000188   0x08000188   0x00000002   Code   RO         3075    .ARM.Collect$$libinit$$00000033  c_w.l(libinit2.o)
    0x0800018a   0x0800018a   0x00000002   Code   RO         3144    .ARM.Collect$$libshutdown$$00000000  c_w.l(libshutdown.o)
    0x0800018c   0x0800018c   0x00000000   Code   RO         3161    .ARM.Collect$$libshutdown$$00000002  c_w.l(libshutdown2.o)
    0x0800018c   0x0800018c   0x00000000   Code   RO         3163    .ARM.Collect$$libshutdown$$00000004  c_w.l(libshutdown2.o)
    0x0800018c   0x0800018c   0x00000000   Code   RO         3166    .ARM.Collect$$libshutdown$$00000007  c_w.l(libshutdown2.o)
    0x0800018c   0x0800018c   0x00000000   Code   RO         3169    .ARM.Collect$$libshutdown$$0000000A  c_w.l(libshutdown2.o)
    0x0800018c   0x0800018c   0x00000000   Code   RO         3171    .ARM.Collect$$libshutdown$$0000000C  c_w.l(libshutdown2.o)
    0x0800018c   0x0800018c   0x00000000   Code   RO         3174    .ARM.Collect$$libshutdown$$0000000F  c_w.l(libshutdown2.o)
    0x0800018c   0x0800018c   0x00000002   Code   RO         3175    .ARM.Collect$$libshutdown$$00000010  c_w.l(libshutdown2.o)
    0x0800018e   0x0800018e   0x00000000   Code   RO         2928    .ARM.Collect$$rtentry$$00000000  c_w.l(__rtentry.o)
    0x0800018e   0x0800018e   0x00000000   Code   RO         2954    .ARM.Collect$$rtentry$$00000002  c_w.l(__rtentry2.o)
    0x0800018e   0x0800018e   0x00000006   Code   RO         2966    .ARM.Collect$$rtentry$$00000004  c_w.l(__rtentry4.o)
    0x08000194   0x08000194   0x00000000   Code   RO         2956    .ARM.Collect$$rtentry$$00000009  c_w.l(__rtentry2.o)
    0x08000194   0x08000194   0x00000004   Code   RO         2957    .ARM.Collect$$rtentry$$0000000A  c_w.l(__rtentry2.o)
    0x08000198   0x08000198   0x00000000   Code   RO         2959    .ARM.Collect$$rtentry$$0000000C  c_w.l(__rtentry2.o)
    0x08000198   0x08000198   0x00000008   Code   RO         2960    .ARM.Collect$$rtentry$$0000000D  c_w.l(__rtentry2.o)
    0x080001a0   0x080001a0   0x00000002   Code   RO         3025    .ARM.Collect$$rtexit$$00000000  c_w.l(rtexit.o)
    0x080001a2   0x080001a2   0x00000000   Code   RO         3085    .ARM.Collect$$rtexit$$00000002  c_w.l(rtexit2.o)
    0x080001a2   0x080001a2   0x00000004   Code   RO         3086    .ARM.Collect$$rtexit$$00000003  c_w.l(rtexit2.o)
    0x080001a6   0x080001a6   0x00000006   Code   RO         3087    .ARM.Collect$$rtexit$$00000004  c_w.l(rtexit2.o)
    0x080001ac   0x080001ac   0x00000040   Code   RO            4    .text               startup_stm32f103xb.o
    0x080001ec   0x080001ec   0x00000028   Code   RO         2866    .text               c_w.l(noretval__2sprintf.o)
    0x08000214   0x08000214   0x00000068   Code   RO         2868    .text               c_w.l(__printf.o)
    0x0800027c   0x0800027c   0x00000078   Code   RO         2870    .text               c_w.l(_printf_dec.o)
    0x080002f4   0x080002f4   0x0000001a   Code   RO         2894    .text               c_w.l(atoi.o)
    0x0800030e   0x0800030e   0x0000004e   Code   RO         2896    .text               c_w.l(rt_memclr_w.o)
    0x0800035c   0x0800035c   0x00000006   Code   RO         2898    .text               c_w.l(heapauxi.o)
    0x08000362   0x08000362   0x00000002   PAD
    0x08000364   0x08000364   0x00000008   Code   RO         2932    .text               c_w.l(rt_errno_addr_intlibspace.o)
    0x0800036c   0x0800036c   0x000000b2   Code   RO         2934    .text               c_w.l(_printf_intcommon.o)
    0x0800041e   0x0800041e   0x00000002   PAD
    0x08000420   0x08000420   0x00000030   Code   RO         2936    .text               c_w.l(_printf_char_common.o)
    0x08000450   0x08000450   0x0000000a   Code   RO         2938    .text               c_w.l(_sputc.o)
    0x0800045a   0x0800045a   0x0000001a   Code   RO         2941    .text               c_w.l(strtof.o)
    0x08000474   0x08000474   0x00000070   Code   RO         2943    .text               c_w.l(strtol.o)
    0x080004e4   0x080004e4   0x00000008   Code   RO         2950    .text               c_w.l(libspace.o)
    0x080004ec   0x080004ec   0x00000010   Code   RO         2968    .text               c_w.l(rt_ctype_table.o)
    0x080004fc   0x080004fc   0x0000009e   Code   RO         2972    .text               c_w.l(_strtoul.o)
    0x0800059a   0x0800059a   0x00000002   PAD
    0x0800059c   0x0800059c   0x000000a4   Code   RO         2974    .text               c_w.l(strtod.o)
    0x08000640   0x08000640   0x0000004a   Code   RO         2982    .text               c_w.l(sys_stackheap_outer.o)
    0x0800068a   0x0800068a   0x00000002   PAD
    0x0800068c   0x0800068c   0x00000008   Code   RO         2987    .text               c_w.l(rt_locale_intlibspace.o)
    0x08000694   0x08000694   0x00000016   Code   RO         2989    .text               c_w.l(_rserrno.o)
    0x080006aa   0x080006aa   0x00000012   Code   RO         2991    .text               c_w.l(isspace.o)
    0x080006bc   0x080006bc   0x0000001c   Code   RO         2993    .text               c_w.l(_chval.o)
    0x080006d8   0x080006d8   0x00000040   Code   RO         2995    .text               c_w.l(_sgetc.o)
    0x08000718   0x08000718   0x00000012   Code   RO         3003    .text               c_w.l(exit.o)
    0x0800072a   0x0800072a   0x00000002   PAD
    0x0800072c   0x0800072c   0x000004f8   Code   RO         3027    .text               c_w.l(scanf_fp.o)
    0x08000c24   0x08000c24   0x00000080   Code   RO         3029    .text               c_w.l(strcmpv7m.o)
    0x08000ca4   0x08000ca4   0x000000e4   Code   RO         3091    .text               c_w.l(bigflt0.o)
    0x08000d88   0x08000d88   0x0000000c   Code   RO         3132    .text               c_w.l(sys_exit.o)
    0x08000d94   0x08000d94   0x00000320   Code   RO         3134    .text               c_w.l(scanf_hexfp.o)
    0x080010b4   0x080010b4   0x00000134   Code   RO         3136    .text               c_w.l(scanf_infnan.o)
    0x080011e8   0x080011e8   0x00000002   Code   RO         3149    .text               c_w.l(use_no_semi.o)
    0x080011ea   0x080011ea   0x00000000   Code   RO         3151    .text               c_w.l(indicate_semi.o)
    0x080011ea   0x080011ea   0x00000026   Code   RO         3154    .text               c_w.l(llshl.o)
    0x08001210   0x08001210   0x00000338   Code   RO         3104    CL$$btod_div_common  c_w.l(btod.o)
    0x08001548   0x08001548   0x00000084   Code   RO         3102    CL$$btod_e2d        c_w.l(btod.o)
    0x080015cc   0x080015cc   0x000000dc   Code   RO         3101    CL$$btod_e2e        c_w.l(btod.o)
    0x080016a8   0x080016a8   0x0000002a   Code   RO         3098    CL$$btod_ediv       c_w.l(btod.o)
    0x080016d2   0x080016d2   0x0000002a   Code   RO         3100    CL$$btod_edivd      c_w.l(btod.o)
    0x080016fc   0x080016fc   0x0000002a   Code   RO         3097    CL$$btod_emul       c_w.l(btod.o)
    0x08001726   0x08001726   0x0000002a   Code   RO         3099    CL$$btod_emuld      c_w.l(btod.o)
    0x08001750   0x08001750   0x00000244   Code   RO         3103    CL$$btod_mult_common  c_w.l(btod.o)
    0x08001994   0x08001994   0x00000002   Code   RO          372    i.BusFault_Handler  stm32f1xx_it.o
    0x08001996   0x08001996   0x00000002   Code   RO          373    i.DebugMon_Handler  stm32f1xx_it.o
    0x08001998   0x08001998   0x00000034   Code   RO           13    i.Encoder           main.o
    0x080019cc   0x080019cc   0x00000004   Code   RO           14    i.Error_Handler     main.o
    0x080019d0   0x080019d0   0x00000046   Code   RO         1872    i.HAL_DMA_Abort     stm32f1xx_hal_dma.o
    0x08001a16   0x08001a16   0x00000002   PAD
    0x08001a18   0x08001a18   0x00000098   Code   RO         1873    i.HAL_DMA_Abort_IT  stm32f1xx_hal_dma.o
    0x08001ab0   0x08001ab0   0x000001e0   Code   RO         1808    i.HAL_GPIO_Init     stm32f1xx_hal_gpio.o
    0x08001c90   0x08001c90   0x0000000a   Code   RO         1812    i.HAL_GPIO_WritePin  stm32f1xx_hal_gpio.o
    0x08001c9a   0x08001c9a   0x00000002   PAD
    0x08001c9c   0x08001c9c   0x0000000c   Code   RO         1504    i.HAL_GetTick       stm32f1xx_hal.o
    0x08001ca8   0x08001ca8   0x00000010   Code   RO         1510    i.HAL_IncTick       stm32f1xx_hal.o
    0x08001cb8   0x08001cb8   0x00000024   Code   RO         1511    i.HAL_Init          stm32f1xx_hal.o
    0x08001cdc   0x08001cdc   0x00000040   Code   RO         1512    i.HAL_InitTick      stm32f1xx_hal.o
    0x08001d1c   0x08001d1c   0x0000003c   Code   RO          460    i.HAL_MspInit       stm32f1xx_hal_msp.o
    0x08001d58   0x08001d58   0x0000001a   Code   RO         1968    i.HAL_NVIC_EnableIRQ  stm32f1xx_hal_cortex.o
    0x08001d72   0x08001d72   0x00000002   PAD
    0x08001d74   0x08001d74   0x00000040   Code   RO         1974    i.HAL_NVIC_SetPriority  stm32f1xx_hal_cortex.o
    0x08001db4   0x08001db4   0x00000024   Code   RO         1975    i.HAL_NVIC_SetPriorityGrouping  stm32f1xx_hal_cortex.o
    0x08001dd8   0x08001dd8   0x0000012c   Code   RO         1668    i.HAL_RCC_ClockConfig  stm32f1xx_hal_rcc.o
    0x08001f04   0x08001f04   0x00000020   Code   RO         1675    i.HAL_RCC_GetPCLK1Freq  stm32f1xx_hal_rcc.o
    0x08001f24   0x08001f24   0x00000020   Code   RO         1676    i.HAL_RCC_GetPCLK2Freq  stm32f1xx_hal_rcc.o
    0x08001f44   0x08001f44   0x0000006c   Code   RO         1677    i.HAL_RCC_GetSysClockFreq  stm32f1xx_hal_rcc.o
    0x08001fb0   0x08001fb0   0x00000320   Code   RO         1680    i.HAL_RCC_OscConfig  stm32f1xx_hal_rcc.o
    0x080022d0   0x080022d0   0x00000028   Code   RO         1979    i.HAL_SYSTICK_Config  stm32f1xx_hal_cortex.o
    0x080022f8   0x080022f8   0x00000002   Code   RO         1226    i.HAL_TIMEx_BreakCallback  stm32f1xx_hal_tim_ex.o
    0x080022fa   0x080022fa   0x00000002   Code   RO         1227    i.HAL_TIMEx_CommutCallback  stm32f1xx_hal_tim_ex.o
    0x080022fc   0x080022fc   0x00000054   Code   RO         1229    i.HAL_TIMEx_ConfigBreakDeadTime  stm32f1xx_hal_tim_ex.o
    0x08002350   0x08002350   0x00000068   Code   RO         1245    i.HAL_TIMEx_MasterConfigSynchronization  stm32f1xx_hal_tim_ex.o
    0x080023b8   0x080023b8   0x0000005a   Code   RO          522    i.HAL_TIM_Base_Init  stm32f1xx_hal_tim.o
    0x08002412   0x08002412   0x00000002   PAD
    0x08002414   0x08002414   0x00000054   Code   RO          259    i.HAL_TIM_Base_MspInit  tim.o
    0x08002468   0x08002468   0x00000058   Code   RO          527    i.HAL_TIM_Base_Start_IT  stm32f1xx_hal_tim.o
    0x080024c0   0x080024c0   0x000000d6   Code   RO          531    i.HAL_TIM_ConfigClockSource  stm32f1xx_hal_tim.o
    0x08002596   0x08002596   0x000000a4   Code   RO          543    i.HAL_TIM_Encoder_Init  stm32f1xx_hal_tim.o
    0x0800263a   0x0800263a   0x00000002   PAD
    0x0800263c   0x0800263c   0x00000090   Code   RO          261    i.HAL_TIM_Encoder_MspInit  tim.o
    0x080026cc   0x080026cc   0x0000008e   Code   RO          546    i.HAL_TIM_Encoder_Start  stm32f1xx_hal_tim.o
    0x0800275a   0x0800275a   0x00000002   Code   RO          556    i.HAL_TIM_IC_CaptureCallback  stm32f1xx_hal_tim.o
    0x0800275c   0x0800275c   0x00000166   Code   RO          570    i.HAL_TIM_IRQHandler  stm32f1xx_hal_tim.o
    0x080028c2   0x080028c2   0x00000002   PAD
    0x080028c4   0x080028c4   0x0000004c   Code   RO          262    i.HAL_TIM_MspPostInit  tim.o
    0x08002910   0x08002910   0x00000002   Code   RO          573    i.HAL_TIM_OC_DelayElapsedCallback  stm32f1xx_hal_tim.o
    0x08002912   0x08002912   0x000000c6   Code   RO          594    i.HAL_TIM_PWM_ConfigChannel  stm32f1xx_hal_tim.o
    0x080029d8   0x080029d8   0x0000005a   Code   RO          597    i.HAL_TIM_PWM_Init  stm32f1xx_hal_tim.o
    0x08002a32   0x08002a32   0x00000002   Code   RO          599    i.HAL_TIM_PWM_MspInit  stm32f1xx_hal_tim.o
    0x08002a34   0x08002a34   0x00000002   Code   RO          600    i.HAL_TIM_PWM_PulseFinishedCallback  stm32f1xx_hal_tim.o
    0x08002a36   0x08002a36   0x00000002   PAD
    0x08002a38   0x08002a38   0x0000009c   Code   RO          602    i.HAL_TIM_PWM_Start  stm32f1xx_hal_tim.o
    0x08002ad4   0x08002ad4   0x00000080   Code   RO           15    i.HAL_TIM_PeriodElapsedCallback  main.o
    0x08002b54   0x08002b54   0x00000002   Code   RO          613    i.HAL_TIM_TriggerCallback  stm32f1xx_hal_tim.o
    0x08002b56   0x08002b56   0x00000002   Code   RO         2479    i.HAL_UARTEx_RxEventCallback  stm32f1xx_hal_uart.o
    0x08002b58   0x08002b58   0x00000002   Code   RO         2493    i.HAL_UART_ErrorCallback  stm32f1xx_hal_uart.o
    0x08002b5a   0x08002b5a   0x00000002   PAD
    0x08002b5c   0x08002b5c   0x0000020c   Code   RO         2496    i.HAL_UART_IRQHandler  stm32f1xx_hal_uart.o
    0x08002d68   0x08002d68   0x00000062   Code   RO         2497    i.HAL_UART_Init     stm32f1xx_hal_uart.o
    0x08002dca   0x08002dca   0x00000002   PAD
    0x08002dcc   0x08002dcc   0x00000090   Code   RO          331    i.HAL_UART_MspInit  usart.o
    0x08002e5c   0x08002e5c   0x0000002a   Code   RO         2502    i.HAL_UART_Receive_IT  stm32f1xx_hal_uart.o
    0x08002e86   0x08002e86   0x00000002   PAD
    0x08002e88   0x08002e88   0x00000040   Code   RO           16    i.HAL_UART_RxCpltCallback  main.o
    0x08002ec8   0x08002ec8   0x000000b2   Code   RO         2505    i.HAL_UART_Transmit  stm32f1xx_hal_uart.o
    0x08002f7a   0x08002f7a   0x00000002   Code   RO         2508    i.HAL_UART_TxCpltCallback  stm32f1xx_hal_uart.o
    0x08002f7c   0x08002f7c   0x00000002   Code   RO          374    i.HardFault_Handler  stm32f1xx_it.o
    0x08002f7e   0x08002f7e   0x00000002   PAD
    0x08002f80   0x08002f80   0x00000070   Code   RO          234    i.MX_GPIO_Init      gpio.o
    0x08002ff0   0x08002ff0   0x000000cc   Code   RO          263    i.MX_TIM1_Init      tim.o
    0x080030bc   0x080030bc   0x00000068   Code   RO          264    i.MX_TIM2_Init      tim.o
    0x08003124   0x08003124   0x00000068   Code   RO          265    i.MX_TIM3_Init      tim.o
    0x0800318c   0x0800318c   0x00000038   Code   RO          332    i.MX_USART1_UART_Init  usart.o
    0x080031c4   0x080031c4   0x00000002   Code   RO          375    i.MemManage_Handler  stm32f1xx_it.o
    0x080031c6   0x080031c6   0x00000002   Code   RO          376    i.NMI_Handler       stm32f1xx_it.o
    0x080031c8   0x080031c8   0x000000b8   Code   RO           17    i.PID_Position_Process  main.o
    0x08003280   0x08003280   0x000000c4   Code   RO           18    i.PID_Speed_Process  main.o
    0x08003344   0x08003344   0x00000064   Code   RO           19    i.PWM_Set_Duty      main.o
    0x080033a8   0x080033a8   0x00000002   Code   RO          377    i.PendSV_Handler    stm32f1xx_it.o
    0x080033aa   0x080033aa   0x00000002   PAD
    0x080033ac   0x080033ac   0x00000064   Code   RO           20    i.ReadComm          main.o
    0x08003410   0x08003410   0x00000002   Code   RO          378    i.SVC_Handler       stm32f1xx_it.o
    0x08003412   0x08003412   0x00000002   PAD
    0x08003414   0x08003414   0x000001c0   Code   RO           21    i.Serial_Process    main.o
    0x080035d4   0x080035d4   0x0000001c   Code   RO           22    i.StrCompare        main.o
    0x080035f0   0x080035f0   0x00000004   Code   RO          379    i.SysTick_Handler   stm32f1xx_it.o
    0x080035f4   0x080035f4   0x0000005c   Code   RO           23    i.SystemClock_Config  main.o
    0x08003650   0x08003650   0x00000002   Code   RO         2826    i.SystemInit        system_stm32f1xx.o
    0x08003652   0x08003652   0x00000002   PAD
    0x08003654   0x08003654   0x0000000c   Code   RO          380    i.TIM3_IRQHandler   stm32f1xx_it.o
    0x08003660   0x08003660   0x0000006c   Code   RO          615    i.TIM_Base_SetConfig  stm32f1xx_hal_tim.o
    0x080036cc   0x080036cc   0x0000001a   Code   RO          616    i.TIM_CCxChannelCmd  stm32f1xx_hal_tim.o
    0x080036e6   0x080036e6   0x00000014   Code   RO          626    i.TIM_ETR_SetConfig  stm32f1xx_hal_tim.o
    0x080036fa   0x080036fa   0x00000010   Code   RO          627    i.TIM_ITRx_SetConfig  stm32f1xx_hal_tim.o
    0x0800370a   0x0800370a   0x00000002   PAD
    0x0800370c   0x0800370c   0x00000050   Code   RO          628    i.TIM_OC1_SetConfig  stm32f1xx_hal_tim.o
    0x0800375c   0x0800375c   0x00000058   Code   RO          629    i.TIM_OC2_SetConfig  stm32f1xx_hal_tim.o
    0x080037b4   0x080037b4   0x00000058   Code   RO          630    i.TIM_OC3_SetConfig  stm32f1xx_hal_tim.o
    0x0800380c   0x0800380c   0x00000044   Code   RO          631    i.TIM_OC4_SetConfig  stm32f1xx_hal_tim.o
    0x08003850   0x08003850   0x00000022   Code   RO          633    i.TIM_TI1_ConfigInputStage  stm32f1xx_hal_tim.o
    0x08003872   0x08003872   0x00000024   Code   RO          635    i.TIM_TI2_ConfigInputStage  stm32f1xx_hal_tim.o
    0x08003896   0x08003896   0x00000010   Code   RO         2510    i.UART_DMAAbortOnError  stm32f1xx_hal_uart.o
    0x080038a6   0x080038a6   0x00000030   Code   RO         2520    i.UART_EndRxTransfer  stm32f1xx_hal_uart.o
    0x080038d6   0x080038d6   0x000000b6   Code   RO         2522    i.UART_Receive_IT   stm32f1xx_hal_uart.o
    0x0800398c   0x0800398c   0x000000b8   Code   RO         2523    i.UART_SetConfig    stm32f1xx_hal_uart.o
    0x08003a44   0x08003a44   0x00000036   Code   RO         2525    i.UART_Start_Receive_IT  stm32f1xx_hal_uart.o
    0x08003a7a   0x08003a7a   0x00000064   Code   RO         2526    i.UART_WaitOnFlagUntilTimeout  stm32f1xx_hal_uart.o
    0x08003ade   0x08003ade   0x00000002   PAD
    0x08003ae0   0x08003ae0   0x0000000c   Code   RO          381    i.USART1_IRQHandler  stm32f1xx_it.o
    0x08003aec   0x08003aec   0x00000002   Code   RO          382    i.UsageFault_Handler  stm32f1xx_it.o
    0x08003aee   0x08003aee   0x00000002   PAD
    0x08003af0   0x08003af0   0x0000001c   Code   RO           24    i.WriteComm         main.o
    0x08003b0c   0x08003b0c   0x00000020   Code   RO         1981    i.__NVIC_SetPriority  stm32f1xx_hal_cortex.o
    0x08003b2c   0x08003b2c   0x0000000e   Code   RO         3200    i.__mathlib_dbl_overflow  m_ws.l(dunder.o)
    0x08003b3a   0x08003b3a   0x00000002   PAD
    0x08003b3c   0x08003b3c   0x00000010   Code   RO         3202    i.__mathlib_dbl_underflow  m_ws.l(dunder.o)
    0x08003b4c   0x08003b4c   0x00000010   Code   RO         2976    i.__mathlib_narrow  m_ws.l(narrow.o)
    0x08003b5c   0x08003b5c   0x000000bc   Code   RO         2977    i.__mathlib_tofloat  m_ws.l(narrow.o)
    0x08003c18   0x08003c18   0x00000016   Code   RO         3179    i.__support_ldexp   m_ws.l(ldexp.o)
    0x08003c2e   0x08003c2e   0x0000000e   Code   RO         2882    i._is_digit         c_w.l(__printf_wp.o)
    0x08003c3c   0x08003c3c   0x00000058   Code   RO         3022    i.frexp             m_ws.l(frexp.o)
    0x08003c94   0x08003c94   0x00000074   Code   RO         3180    i.ldexp             m_ws.l(ldexp.o)
    0x08003d08   0x08003d08   0x000000ec   Code   RO           25    i.main              main.o
    0x08003df4   0x08003df4   0x00000014   Code   RO         2925    i.strtof            m_ws.l(strtof.o)
    0x08003e08   0x08003e08   0x0000002c   Code   RO           26    i.subString         main.o
    0x08003e34   0x08003e34   0x0000002c   Code   RO         2998    locale$$code        c_w.l(lc_ctype_c.o)
    0x08003e60   0x08003e60   0x0000002c   Code   RO         3001    locale$$code        c_w.l(lc_numeric_c.o)
    0x08003e8c   0x08003e8c   0x00000062   Code   RO         3011    x$fpl$d2f           fz_ws.l(d2f.o)
    0x08003eee   0x08003eee   0x00000002   PAD
    0x08003ef0   0x08003ef0   0x00000010   Code   RO         3118    x$fpl$dcheck1       fz_ws.l(dcheck1.o)
    0x08003f00   0x08003f00   0x00000018   Code   RO         3076    x$fpl$dcmpinf       fz_ws.l(dcmpi.o)
    0x08003f18   0x08003f18   0x00000078   Code   RO         3013    x$fpl$deqf          fz_ws.l(deqf.o)
    0x08003f90   0x08003f90   0x00000078   Code   RO         3078    x$fpl$dleqf         fz_ws.l(dleqf.o)
    0x08004008   0x08004008   0x0000009c   Code   RO         3080    x$fpl$dnaninf       fz_ws.l(dnaninf.o)
    0x080040a4   0x080040a4   0x0000006c   Code   RO         3015    x$fpl$drleqf        fz_ws.l(drleqf.o)
    0x08004110   0x08004110   0x000000c4   Code   RO         2902    x$fpl$fadd          fz_ws.l(faddsub_clz.o)
    0x080041d4   0x080041d4   0x00000184   Code   RO         2909    x$fpl$fdiv          fz_ws.l(fdiv.o)
    0x08004358   0x08004358   0x00000036   Code   RO         2912    x$fpl$ffix          fz_ws.l(ffix.o)
    0x0800438e   0x0800438e   0x00000002   PAD
    0x08004390   0x08004390   0x00000030   Code   RO         2917    x$fpl$fflt          fz_ws.l(fflt_clz.o)
    0x080043c0   0x080043c0   0x00000102   Code   RO         2922    x$fpl$fmul          fz_ws.l(fmul.o)
    0x080044c2   0x080044c2   0x0000008c   Code   RO         2945    x$fpl$fnaninf       fz_ws.l(fnaninf.o)
    0x0800454e   0x0800454e   0x0000000a   Code   RO         2947    x$fpl$fretinf       fz_ws.l(fretinf.o)
    0x08004558   0x08004558   0x000000ea   Code   RO         2904    x$fpl$fsub          fz_ws.l(faddsub_clz.o)
    0x08004642   0x08004642   0x00000006   Code   RO         3017    x$fpl$ieeestatus    fz_ws.l(istatus.o)
    0x08004648   0x08004648   0x00000064   Code   RO         3145    x$fpl$retnan        fz_ws.l(retnan.o)
    0x080046ac   0x080046ac   0x0000005c   Code   RO         3082    x$fpl$scalbn        fz_ws.l(scalbn.o)
    0x08004708   0x08004708   0x00000004   Code   RO         3019    x$fpl$scanf1        fz_ws.l(scanf1.o)
    0x0800470c   0x0800470c   0x00000008   Code   RO         3126    x$fpl$scanf2        fz_ws.l(scanf2.o)
    0x08004714   0x08004714   0x00000030   Code   RO         3176    x$fpl$trapveneer    fz_ws.l(trapv.o)
    0x08004744   0x08004744   0x00000000   Code   RO         2949    x$fpl$usenofp       fz_ws.l(usenofp.o)
    0x08004744   0x08004744   0x00000010   Data   RO         2827    .constdata          system_stm32f1xx.o
    0x08004754   0x08004754   0x00000008   Data   RO         2828    .constdata          system_stm32f1xx.o
    0x0800475c   0x0800475c   0x00000094   Data   RO         3092    .constdata          c_w.l(bigflt0.o)
    0x080047f0   0x080047f0   0x00000020   Data   RO         3249    Region$$Table       anon$$obj.o
    0x08004810   0x08004810   0x00000008   Data   RO         3120    c$$dinf             fz_ws.l(fpconst.o)
    0x08004818   0x08004818   0x00000008   Data   RO         3123    c$$dmax             fz_ws.l(fpconst.o)
    0x08004820   0x08004820   0x00000110   Data   RO         2997    locale$$data        c_w.l(lc_ctype_c.o)
    0x08004930   0x08004930   0x0000001c   Data   RO         3000    locale$$data        c_w.l(lc_numeric_c.o)


    Execution Region RW_IRAM1 (Exec base: 0x20000000, Load base: 0x0800494c, Size: 0x00000878, Max: 0x00005000, ABSOLUTE)

    Exec Addr    Load Addr    Size         Type   Attr      Idx    E Section Name        Object

    0x20000000   0x0800494c   0x000000c4   Data   RW           28    .data               main.o
    0x200000c4   0x08004a10   0x0000000c   Data   RW         1518    .data               stm32f1xx_hal.o
    0x200000d0   0x08004a1c   0x00000004   Data   RW         2829    .data               system_stm32f1xx.o
    0x200000d4        -       0x00000024   Zero   RW           27    .bss                main.o
    0x200000f8        -       0x000000d8   Zero   RW          266    .bss                tim.o
    0x200001d0        -       0x00000044   Zero   RW          333    .bss                usart.o
    0x20000214        -       0x00000060   Zero   RW         2951    .bss                c_w.l(libspace.o)
    0x20000274   0x08004a20   0x00000004   PAD
    0x20000278        -       0x00000200   Zero   RW            2    HEAP                startup_stm32f103xb.o
    0x20000478        -       0x00000400   Zero   RW            1    STACK               startup_stm32f103xb.o


==============================================================================

Image component sizes


      Code (inc. data)   RO Data    RW Data    ZI Data      Debug   Object Name

       112          8          0          0          0        863   gpio.o
      1704        140          0        196         36     435331   main.o
        64         26        236          0       1536        788   startup_stm32f103xb.o
       128         24          0         12          0       5137   stm32f1xx_hal.o
       198         14          0          0          0      28803   stm32f1xx_hal_cortex.o
       222          4          0          0          0       1699   stm32f1xx_hal_dma.o
       490         34          0          0          0       2820   stm32f1xx_hal_gpio.o
        60          8          0          0          0        826   stm32f1xx_hal_msp.o
      1272        100          0          0          0       5052   stm32f1xx_hal_rcc.o
      2074         58          0          0          0      17169   stm32f1xx_hal_tim.o
       192         12          0          0          0       3041   stm32f1xx_hal_tim_ex.o
      1432         10          0          0          0      10208   stm32f1xx_hal_uart.o
        44         12          0          0          0       4480   stm32f1xx_it.o
         2          0         24          4          0       1047   system_stm32f1xx.o
       716         64          0          0        216       4240   tim.o
       200         24          0          0         68       1622   usart.o

    ----------------------------------------------------------------------
      8944        538        292        212       1856     523126   Object Totals
         0          0         32          0          0          0   (incl. Generated)
        34          0          0          0          0          0   (incl. Padding)

    ----------------------------------------------------------------------

      Code (inc. data)   RO Data    RW Data    ZI Data      Debug   Library Member Name

         8          0          0          0          0         68   __main.o
       104          0          0          0          0         84   __printf.o
        14          0          0          0          0         68   __printf_wp.o
         0          0          0          0          0          0   __rtentry.o
        12          0          0          0          0          0   __rtentry2.o
         6          0          0          0          0          0   __rtentry4.o
        52          8          0          0          0          0   __scatter.o
        26          0          0          0          0          0   __scatter_copy.o
        28          0          0          0          0          0   __scatter_zi.o
        28          0          0          0          0         68   _chval.o
        48          6          0          0          0         96   _printf_char_common.o
         6          0          0          0          0          0   _printf_d.o
       120         16          0          0          0         92   _printf_dec.o
       178          0          0          0          0         88   _printf_intcommon.o
         0          0          0          0          0          0   _printf_percent.o
         4          0          0          0          0          0   _printf_percent_end.o
        22          0          0          0          0        100   _rserrno.o
        64          0          0          0          0         84   _sgetc.o
        10          0          0          0          0         68   _sputc.o
       158          0          0          0          0         92   _strtoul.o
        26          0          0          0          0         80   atoi.o
       228          4        148          0          0         96   bigflt0.o
      1924        136          0          0          0        756   btod.o
        18          0          0          0          0         80   exit.o
         6          0          0          0          0        152   heapauxi.o
         0          0          0          0          0          0   indicate_semi.o
        18          0          0          0          0         76   isspace.o
        44         10        272          0          0         76   lc_ctype_c.o
        44         10         28          0          0         76   lc_numeric_c.o
         2          0          0          0          0          0   libinit.o
        30          0          0          0          0          0   libinit2.o
         2          0          0          0          0          0   libshutdown.o
         2          0          0          0          0          0   libshutdown2.o
         8          4          0          0         96         68   libspace.o
        38          0          0          0          0         68   llshl.o
        40          6          0          0          0         84   noretval__2sprintf.o
        16          4          0          0          0         76   rt_ctype_table.o
         8          4          0          0          0         68   rt_errno_addr_intlibspace.o
         8          4          0          0          0         68   rt_locale_intlibspace.o
        78          0          0          0          0         80   rt_memclr_w.o
         2          0          0          0          0          0   rtexit.o
        10          0          0          0          0          0   rtexit2.o
      1272         16          0          0          0        168   scanf_fp.o
       800         14          0          0          0        100   scanf_hexfp.o
       308         16          0          0          0        100   scanf_infnan.o
       128          0          0          0          0         68   strcmpv7m.o
       164         14          0          0          0        120   strtod.o
        26          0          0          0          0         80   strtof.o
       112          0          0          0          0         88   strtol.o
        12          4          0          0          0         68   sys_exit.o
        74          0          0          0          0         80   sys_stackheap_outer.o
         2          0          0          0          0         68   use_no_semi.o
        98          4          0          0          0         92   d2f.o
        16          4          0          0          0         68   dcheck1.o
        24          0          0          0          0         68   dcmpi.o
       120          4          0          0          0         92   deqf.o
       120          4          0          0          0         92   dleqf.o
       156          4          0          0          0         92   dnaninf.o
       108          0          0          0          0         80   drleqf.o
       430          8          0          0          0        168   faddsub_clz.o
       388         76          0          0          0         96   fdiv.o
        54          4          0          0          0         84   ffix.o
        48          0          0          0          0         68   fflt_clz.o
       258          4          0          0          0         84   fmul.o
       140          4          0          0          0         84   fnaninf.o
         0          0         16          0          0          0   fpconst.o
        10          0          0          0          0         68   fretinf.o
         6          0          0          0          0         68   istatus.o
       100          0          0          0          0         68   retnan.o
        92          0          0          0          0         68   scalbn.o
         4          0          0          0          0         68   scanf1.o
         8          0          0          0          0         84   scanf2.o
        48          0          0          0          0         68   trapv.o
         0          0          0          0          0          0   usenofp.o
        30          6          0          0          0        136   dunder.o
        88          8          0          0          0         76   frexp.o
       138          0          0          0          0        160   ldexp.o
       204          4          0          0          0        168   narrow.o
        20          0          0          0          0         76   strtof.o

    ----------------------------------------------------------------------
      9064        410        464          0        100       6028   Library Totals
        18          0          0          0          4          0   (incl. Padding)

    ----------------------------------------------------------------------

      Code (inc. data)   RO Data    RW Data    ZI Data      Debug   Library Name

      6338        276        448          0         96       3752   c_w.l
      2228        116         16          0          0       1660   fz_ws.l
       480         18          0          0          0        616   m_ws.l

    ----------------------------------------------------------------------
      9064        410        464          0        100       6028   Library Totals

    ----------------------------------------------------------------------

==============================================================================


      Code (inc. data)   RO Data    RW Data    ZI Data      Debug   

     18008        948        756        212       1956     520882   Grand Totals
     18008        948        756        212       1956     520882   ELF Image Totals
     18008        948        756        212          0          0   ROM Totals

==============================================================================

    Total RO  Size (Code + RO Data)                18764 (  18.32kB)
    Total RW  Size (RW Data + ZI Data)              2168 (   2.12kB)
    Total ROM Size (Code + RO Data + RW Data)      18976 (  18.53kB)

==============================================================================

